12-13 20:18:59.335  1639  1639 W Keyboard: Keyboard.getKeyboardViewHelper():597 null helper is returned: keyboardDef=kze{processedConditions={}, globalConditions={}, className=com.google.android.libraries.inputmethod.keyboard.impl.Keyboard, resourceIds=[#0x7f170045], initialStates=0, keyboardViewDefs=[], persistentStates=0, persistentStatesPrefKey=null, popupBubbleLayoutId=0, recentKeyLayoutId=0, recentKeyPopupLayoutId=0, recentKeyType=null, rememberRecentKey=NONE, sessionStates=0}, type=FLOATING_CANDIDATES, helpersCreated=[null, null, null, null], context.getResources().getConfiguration(): {1.0 310mcc260mnc [en_US] ldltr sw411dp w411dp h866dp 420dpi nrml long port finger qwerty/v/v dpad/v winConfig={ mBounds=Rect(0, 0 - 1080, 2400) mAppBounds=Rect(0, 0 - 1080, 2337) mMaxBounds=Rect(0, 0 - 1080, 2400) mDisplayRotation=ROTATION_0 mWindowingMode=fullscreen mActivityType=undefined mAlwaysOnTop=undefined mRotation=ROTATION_0} as.3 s.37 fontWeightAdjustment=0}
12-13 20:18:59.335  1639  1639 W Keyboard: Keyboard.getKeyboardViewHelper():597 null helper is returned: keyboardDef=kze{processedConditions={}, globalConditions={}, className=com.google.android.libraries.inputmethod.keyboard.impl.Keyboard, resourceIds=[#0x7f170045], initialStates=0, keyboardViewDefs=[], persistentStates=0, persistentStatesPrefKey=null, popupBubbleLayoutId=0, recentKeyLayoutId=0, recentKeyPopupLayoutId=0, recentKeyType=null, rememberRecentKey=NONE, sessionStates=0}, type=WIDGET, helpersCreated=[null, null, null, null], context.getResources().getConfiguration(): {1.0 310mcc260mnc [en_US] ldltr sw411dp w411dp h866dp 420dpi nrml long port finger qwerty/v/v dpad/v winConfig={ mBounds=Rect(0, 0 - 1080, 2400) mAppBounds=Rect(0, 0 - 1080, 2337) mMaxBounds=Rect(0, 0 - 1080, 2400) mDisplayRotation=ROTATION_0 mWindowingMode=fullscreen mActivityType=undefined mAlwaysOnTop=undefined mRotation=ROTATION_0} as.3 s.37 fontWeightAdjustment=0}
12-13 20:18:59.335  1639  1639 I KeyboardManager: KeyboardManager.requestKeyboard():248 Creating keyboard accessory_candidates_consumer, imeId=ime_english_united_states, cacheKey=theme_!gsf_!pgsans_!pgsf_!use_system_font_BORDER=true_FLAVOR_DPI=XXHDPI_KEYBOARD_WIDTH_CATEGORY=NORMAL_LIGHT_THEME=true_PHYSICAL_DIAGONAL=5.9895906_SCREEN_SHORTEST_WIDTH=411_SCREEN_SHORTEST_WIDTH_NO_SCALE=411_bottom4dp_enable_google_fonts_icons=true_enable_popup_on_keypress=true_keyboard_redesign_google_sans=true_noshadow_overlay_builtin_dynamic_color_light_base.binarypb:gm3-light-fffaf8ff-ff475d92-6dac7c28fa7faa76f8370bbfdbc77981_silkpopup_unify_function_key_color=true
12-13 20:18:59.337  1639  1923 I Delight5Decoder: Delight5DecoderWrapper.setKeyboardLayout():521 setKeyboardLayout()
12-13 20:18:59.338  1639  1639 I GlobeKeyExtension: GlobeKeyExtension.getKeyboardInitialStates():131
12-13 20:18:59.339  1639  1639 W Keyboard: Keyboard.getKeyboardViewHelper():597 null helper is returned: keyboardDef=kze{processedConditions={}, globalConditions={global_theme_key=theme_!gsf_!pgsans_!pgsf_!use_system_font_BORDER=true_FLAVOR_DPI=XXHDPI_KEYBOARD_WIDTH_CATEGORY=NORMAL_LIGHT_THEME=true_PHYSICAL_DIAGONAL=5.9895906_SCREEN_SHORTEST_WIDTH=411_SCREEN_SHORTEST_WIDTH_NO_SCALE=411_bottom4dp_enable_google_fonts_icons=true_enable_popup_on_keypress=true_keyboard_redesign_google_sans=true_noshadow_overlay_builtin_dynamic_color_light_base.binarypb:gm3-light-fffaf8ff-ff475d92-6dac7c28fa7faa76f8370bbfdbc77981_silkpopup_unify_function_key_color=true, global_locale=en_US, global_density_dpi=420, global_orientation=1}, className=.latin.keyboard.AccessoryKeyboard, resourceIds=[#0x7f170044], initialStates=0, keyboardViewDefs=[kzt{direction=null, id=#0x7f0b0166, isScalable=false, layoutId=#0x7f0e002d, type=FLOATING_CANDIDATES, touchable=true, defaultShow=false}], persistentStates=0, persistentStatesPrefKey=null, popupBubbleLayoutId=#0x7f0e05ce, recentKeyLayoutId=0, recentKeyPopupLayoutId=0, recentKeyType=null, rememberRecentKey=NONE, sessionStates=0}, type=HEADER, helpersCreated=[null, null, kkl@d7d2543, null], context.getResources().getConfiguration(): {1.0 310mcc260mnc [en_US] ldltr sw411dp w411dp h866dp 420dpi nrml long port finger qwerty/v/v dpad/v winConfig={ mBounds=Rect(0, 0 - 1080, 2400) mAppBounds=Rect(0, 0 - 1080, 2337) mMaxBounds=Rect(0, 0 - 1080, 2400) mDisplayRotation=ROTATION_0 mWindowingMode=fullscreen mActivityType=undefined mAlwaysOnTop=undefined mRotation=ROTATION_0} as.3 s.37 fontWeightAdjustment=0}
12-13 20:18:59.339  1639  1639 W Keyboard: Keyboard.getKeyboardViewHelper():597 null helper is returned: keyboardDef=kze{processedConditions={}, globalConditions={global_theme_key=theme_!gsf_!pgsans_!pgsf_!use_system_font_BORDER=true_FLAVOR_DPI=XXHDPI_KEYBOARD_WIDTH_CATEGORY=NORMAL_LIGHT_THEME=true_PHYSICAL_DIAGONAL=5.9895906_SCREEN_SHORTEST_WIDTH=411_SCREEN_SHORTEST_WIDTH_NO_SCALE=411_bottom4dp_enable_google_fonts_icons=true_enable_popup_on_keypress=true_keyboard_redesign_google_sans=true_noshadow_overlay_builtin_dynamic_color_light_base.binarypb:gm3-light-fffaf8ff-ff475d92-6dac7c28fa7faa76f8370bbfdbc77981_silkpopup_unify_function_key_color=true, global_locale=en_US, global_density_dpi=420, global_orientation=1}, className=.latin.keyboard.AccessoryKeyboard, resourceIds=[#0x7f170044], initialStates=0, keyboardViewDefs=[kzt{direction=null, id=#0x7f0b0166, isScalable=false, layoutId=#0x7f0e002d, type=FLOATING_CANDIDATES, touchable=true, defaultShow=false}], persistentStates=0, persistentStatesPrefKey=null, popupBubbleLayoutId=#0x7f0e05ce, recentKeyLayoutId=0, recentKeyPopupLayoutId=0, recentKeyType=null, rememberRecentKey=NONE, sessionStates=0}, type=BODY, helpersCreated=[null, null, kkl@d7d2543, null], context.getResources().getConfiguration(): {1.0 310mcc260mnc [en_US] ldltr sw411dp w411dp h866dp 420dpi nrml long port finger qwerty/v/v dpad/v winConfig={ mBounds=Rect(0, 0 - 1080, 2400) mAppBounds=Rect(0, 0 - 1080, 2337) mMaxBounds=Rect(0, 0 - 1080, 2400) mDisplayRotation=ROTATION_0 mWindowingMode=fullscreen mActivityType=undefined mAlwaysOnTop=undefined mRotation=ROTATION_0} as.3 s.37 fontWeightAdjustment=0}
12-13 20:18:59.343  1639  1639 I AndroidIME: InputBundleManager.startInput():361 startInput() with kzp[keyboardType=accessory, payload=null]
12-13 20:18:59.343  1639  1639 I GlobeKeyExtension: GlobeKeyExtension.onActivate():70
12-13 20:18:59.346  1639  1639 I CrowdsourceExtension: CrowdsourceExtension.checkIfDefaultBrowserIsAllowed():109 Failed to get default browser. The default browser may be deactivated.
12-13 20:18:59.347  1639  1639 I HardKeyTracker: HardKeyTracker.unregisterKeySequence():182 Unregister key sequence lsr{labelResId=2132020165, callback=cbb@4e994c2, lastModifier=2, keyCodes=[56], actions=[0]}
12-13 20:18:59.348  1639  1639 I HardKeyTracker: HardKeyTracker.unregisterKeySequence():182 Unregister key sequence lsr{labelResId=2132020165, callback=cbb@c22cd09, lastModifier=0, keyCodes=[317], actions=[0]}
12-13 20:18:59.348  1639  1639 I HardKeyTracker: HardKeyTracker.registerKeySequence():138 Register key sequence lsr{labelResId=2132020165, callback=cbb@e78090b, lastModifier=2, keyCodes=[56], actions=[0]}
12-13 20:18:59.348  1639  1639 I HardKeyTracker: HardKeyTracker.registerKeySequence():138 Register key sequence lsr{labelResId=2132020165, callback=cbb@2e5a0a6, lastModifier=0, keyCodes=[317], actions=[0]}
12-13 20:18:59.350  1639  1639 I VoiceInputManagerWrapper: VoiceInputManagerWrapper.cancelShutdown():100 cancelShutdown()
12-13 20:18:59.350  1639  1639 I VoiceInputManagerWrapper: VoiceInputManagerWrapper.syncLanguagePacks():112 syncLanguagePacks()
12-13 20:18:59.351  1639  1639 I VoiceInputManager: VoiceInputManager.onKeyboardActivated():1023 onKeyboardActivated() [UD]
12-13 20:18:59.352  1639  1639 I AccessoryInputModeManager: AccessoryInputModeManager.onModeStarted():322 Accessory input mode started: STYLUS
12-13 20:18:59.352  1639  1639 W ExtensionWrapper: ExtensionWrapper.setAllowUpdateNavigationBarStyle():810 class iio is not activate
12-13 20:18:59.352  1639  1639 I WidgetViewShowingController: WidgetViewShowingController.showWidgetKeyboardInternal():524 Show companion widget
12-13 20:18:59.353  1639 15140 I SpeechFactory: SpeechRecognitionFactory.maybeScheduleAutoPackDownloadForFallback():161 maybeScheduleAutoPackDownloadForFallback()
12-13 20:18:59.353  1639 15140 I FallbackOnDeviceRecognitionProvider: FallbackOnDeviceRecognitionProvider.maybeScheduleAutoPackDownload():198 maybeScheduleAutoPackDownload() for language tag en-US
12-13 20:18:59.358  1639  1639 W ExtensionWrapper: ExtensionWrapper.setAllowUpdateNavigationBarStyle():810 class iio is not activate
12-13 20:18:59.358  1639  1639 I WidgetViewShowingPositionHandler: WidgetViewShowingPositionHandler.updateAvailableArea():194 update available area Rect(21, 149 - 1059, 2333)
12-13 20:18:59.362  1639  1639 I HardKeyTracker: HardKeyTracker.unregisterKeySequence():182 Unregister key sequence lsr{labelResId=2132020170, callback=cbb@a9b9d07, lastModifier=2, keyCodes=[32], actions=[0]}
12-13 20:18:59.363  1639  1639 I ProactiveUndoTriggerExtension: ProactiveUndoTriggerExtension.eventConsumer$lambda$0():125 kyp{intention=null, keyCode=-10159, ACTIVATE_SUPPLEMENTARY_KEYBOARD, data=accessory_candidates_consumer}
12-13 20:18:59.364  1639  1639 I KeyboardModeUtils: KeyboardModeUtils.getKeyboardBottomOffset():437 inch: 0.000000 ydpi: 420.000000 adjustKeyboardBottomByDisplaySize: false currentDensityDpi: 420 defaultDensityDpi: 420 keyboardBottomToScreenPx: 0 keyboardBottomToNavBarPx: -63 navBarHeight: 63
12-13 20:18:59.364  1639  1639 I ResizableKeyboardModeController: ResizableKeyboardModeController.getKeyboardBottomOffset():182 currentPrimeKeyboardType:SOFT keyboardBottomOffset:0 navBarHeight:63 isInLandscape:false
12-13 20:18:59.364  1639  1639 I KeyboardHeightUtil: KeyboardHeightUtil.calculateMaxKeyboardBodyHeight():46 leave 281 height for app when ime window height:2209, header height:116 and isFullscreenMode:false, so the max keyboard body height is:1812
12-13 20:18:59.364  1639  1639 I KeyboardHeightUtil: KeyboardHeightUtil.calculateMaxKeyboardBodyHeight():46 leave 281 height for app when ime window height:2209, header height:116 and isFullscreenMode:false, so the max keyboard body height is:1812
12-13 20:18:59.364  1639  1639 I KeyboardHeightUtil: KeyboardHeightUtil.calculateMaxKeyboardBodyHeight():46 leave 281 height for app when ime window height:2209, header height:116 and isFullscreenMode:false, so the max keyboard body height is:1812
12-13 20:18:59.365  1639  1639 W ExtensionWrapper: ExtensionWrapper.setExtensionViewVisibility():801 interface koa is not activate
12-13 20:18:59.366  1639  1639 I Module  : DeviceLockedStatusModuleProvider$Module.updateDeviceLockedStatus():100 repeatCheckTimes = 1, locked = false
12-13 20:18:59.367  1639  1639 I HardKeyTracker: HardKeyTracker.unregisterKeySequence():182 Unregister key sequence lsr{labelResId=2132020169, callback=cbb@a769470, lastModifier=2, keyCodes=[48], actions=[0]}
12-13 20:18:59.367  1639  1639 I HardKeyTracker: HardKeyTracker.registerKeySequence():138 Register key sequence lsr{labelResId=2132020169, callback=cbb@254fce1, lastModifier=2, keyCodes=[48], actions=[0]}
12-13 20:18:59.368  1639  1639 I VoiceImeExtension: VoiceImeExtension.shouldStartVoiceInputAutomaticallyInCurrentInputBox():469 No private IME option set to start voice input.
12-13 20:18:59.368  1639  1639 I HardKeyTracker: HardKeyTracker.unregisterKeySequence():182 Unregister key sequence lsr{labelResId=2132020170, callback=cbb@c278d7a, lastModifier=2, keyCodes=[32], actions=[0]}
12-13 20:18:59.368  1639  1639 I HardKeyTracker: HardKeyTracker.registerKeySequence():138 Register key sequence lsr{labelResId=2132020170, callback=cbb@78b2092, lastModifier=2, keyCodes=[32], actions=[0]}
12-13 20:18:59.371  1639  1639 I DeviceIntelligenceExtension: DeviceIntelligenceExtension.getInlineSuggestionsRequest():281 Inline suggestions disabled in stylus mode or vertical PK/Voice toolbar
12-13 20:18:59.382  1639  1639 I WindowMetricsNotification: WindowMetricsNotification.notifyWithWindow():166
12-13 20:18:59.382  1639  1639 I WindowMetricsNotification: WindowMetricsNotification.notify():159 mub[bounds=Rect(0, 128 - 1080, 2400), insets=Rect(0, 0 - 0, 63), densityDpi=420, smallestScreenWidthDp=411, displayWidth=1080, displayHeight=2400, xdpi=420.0, ydpi=420.0, isTrustable=true, displayId=0]; DisplayMetrics{density=2.625, width=1080, height=2400, scaledDensity=2.625, xdpi=420.0, ydpi=420.0}
12-13 20:18:59.403   693  1034 D WifiClientModeImpl[24056:wlan0]: updateLinkLayerStatsRssiSpeedFrequencyCapabilities rssi=-50 TxLinkspeed=1 freq=2447 RxLinkSpeed=2
12-13 20:18:59.404   693  1034 D WifiDataStall: tx tput in kbps: 11000
12-13 20:18:59.404   693  1034 D WifiDataStall: rx tput in kbps: 11000
12-13 20:18:59.404   693  1034 V WifiConfigManager: Updating scan detail cache freq=2447 BSSID=00:13:10:85:fe:01 RSSI=-50 for "AndroidWifi"NONE
12-13 20:18:59.404   693  1034 D WifiThroughputPredictor:  utilization (LLS) 80 isBluetoothConnected: false final utilization: 80
12-13 20:18:59.404   693  1034 D WifiThroughputPredictor:  BW: 0 RSSI: -50 Nss: 1 Mode: 1 symDur: 4000 snrDb 30 bitPerTone: 4500 rate: 54 throughput: 11
12-13 20:18:59.404   693  1034 D WifiThroughputPredictor:  utilization (LLS) 80 isBluetoothConnected: false final utilization: 80
12-13 20:18:59.404   693  1034 D WifiThroughputPredictor:  BW: 0 RSSI: -50 Nss: 1 Mode: 1 symDur: 4000 snrDb 30 bitPerTone: 4500 rate: 54 throughput: 11
12-13 20:18:59.405   693  1034 D WifiThroughputPredictor:  utilization (LLS) 80 isBluetoothConnected: false final utilization: 80
12-13 20:18:59.406   693  1034 D WifiThroughputPredictor:  BW: 0 RSSI: -50 Nss: 1 Mode: 1 symDur: 4000 snrDb 30 bitPerTone: 4500 rate: 54 throughput: 11
12-13 20:18:59.406   693  1034 D WifiThroughputPredictor:  utilization (LLS) 80 isBluetoothConnected: false final utilization: 80
12-13 20:18:59.406   693  1034 D WifiThroughputPredictor:  BW: 0 RSSI: -50 Nss: 1 Mode: 1 symDur: 4000 snrDb 30 bitPerTone: 4500 rate: 54 throughput: 11
12-13 20:18:59.407   693  1034 D WifiScoreCard: BSSID update SIGNAL_POLL ID: 1069259023 SSID: "AndroidWifi", BSSID: 00:13:10:85:fe:01, MAC: 02:15:b2:00:00:00, IP: /10.0.2.16, Security type: 0, Supplicant state: COMPLETED, Wi-Fi standard: legacy, RSSI: -50, Link speed: 1Mbps, Tx Link speed: 1Mbps, Max Supported Tx Link speed: 11Mbps, Rx Link speed: 2Mbps, Max Supported Rx Link speed: 11Mbps, Frequency: 2447MHz, Net ID: 0, Metered hint: false, score: 60, isUsable: true, CarrierMerged: false, SubscriptionId: -1, IsPrimary: 1, Trusted: true, Restricted: false, Ephemeral: false, OEM paid: false, OEM private: false, OSU AP: false, FQDN: <none>, Provider friendly name: <none>, Requesting package name: <none>"AndroidWifi"openMLO Information: , Is TID-To-Link negotiation supported by the AP: false, AP MLD Address: <none>, AP MLO Link Id: <none>, AP MLO Affiliated links: <none>, Vendor Data: <none>
12-13 20:18:59.407   693  1034 D WifiScoreCard: txRate: 1 txSpeed: 1
12-13 20:18:59.407   693  1034 D WifiScoreCard: network update SIGNAL_POLL "AndroidWifi" ID: 1010749557 RSSI -50 txSpeed -1
12-13 20:18:59.407   693  1034 D WifiClientModeImpl[24056:wlan0]:  ClientModeImpl$L2ConnectedState screen=on 3 0 "AndroidWifi" 00:13:10:85:fe:01 rssi=-50 f=2447 sc=60 link=1 tx=0.0, 0.0, 0.0 rx=0.0 bcn=0 [on:0 tx:0 rx:0 period:3011] from screen [on:0 period:344884014] score=60
12-13 20:18:59.486  4335  4335 V InlineSuggestionRenderService: handleDestroySuggestionViews called for 0:423768838
12-13 20:18:59.487  1639  1639 I ProactiveUndoTriggerExtension: ProactiveUndoTriggerExtension.eventConsumer$lambda$0():125 kyp{intention=null, keyCode=-10188, SET_KEYBOARD_LAYOUT, data=# qsn@e6cdb659}
12-13 20:18:59.487  1639  1639 I GoogleInputMethodService: GoogleInputMethodService$1.onKeyboardViewShown():312 onKeyboardViewShown: keyboardType=accessory, keyboardViewType=HEADER keyboardView=null
12-13 20:18:59.487  1639  1639 I GoogleInputMethodService: GoogleInputMethodService$1.onKeyboardViewShown():312 onKeyboardViewShown: keyboardType=accessory, keyboardViewType=BODY keyboardView=null
12-13 20:18:59.489  1639  1639 I KeyboardHeightUtil: KeyboardHeightUtil.calculateMaxKeyboardBodyHeight():46 leave 281 height for app when ime window height:2209, header height:116 and isFullscreenMode:false, so the max keyboard body height is:1812
12-13 20:18:59.489  1639  1639 I KeyboardHeightUtil: KeyboardHeightUtil.calculateMaxKeyboardBodyHeight():46 leave 281 height for app when ime window height:2209, header height:116 and isFullscreenMode:false, so the max keyboard body height is:1812
12-13 20:18:59.489  1639  1639 I KeyboardHeightUtil: KeyboardHeightUtil.calculateMaxKeyboardBodyHeight():46 leave 281 height for app when ime window height:2209, header height:116 and isFullscreenMode:false, so the max keyboard body height is:1812
12-13 20:18:59.514  1446  1456 W s.nexuslauncher: Suspending all threads took: 10.764ms
12-13 20:18:59.528  1639  1639 I ProactiveUndoTriggerExtension: ProactiveUndoTriggerExtension.eventConsumer$lambda$0():125 kyp{intention=null, keyCode=-400000, SPELL_CHECK_SUGGESTIONS, data=null}
12-13 20:18:59.529  1639  1639 W TooltipLifecycleManager: TooltipLifecycleManager.dismissTooltips():154 Tooltip with id spell_check_add_to_dictionary not found in tooltipManager.
12-13 20:18:59.535 16558 16558 D UiControllerImpl: Injecting string: "test note"
12-13 20:18:59.542  1639  1639 I ProactiveUndoTriggerExtension: ProactiveUndoTriggerExtension.eventConsumer$lambda$0():125 kyp{intention=DECODE, keyCode=48, T, data=t}
12-13 20:18:59.544  1639  1639 I Delight5Decoder: Delight5DecoderWrapper.setKeyboardLayout():521 setKeyboardLayout()
12-13 20:18:59.547  1639  1639 I ProactiveUndoTriggerExtension: ProactiveUndoTriggerExtension.eventConsumer$lambda$0():125 kyp{intention=null, keyCode=-10188, SET_KEYBOARD_LAYOUT, data=# qsn@d7525947}
12-13 20:18:59.592  1639  1639 W AndroidSpellCheckerService: AndroidSpellCheckerService.initialize():73 initialize...
12-13 20:18:59.593  1639  1639 I ShortcutsDataManager: ShortcutsDataManager.onContentChanged():72 onContentChanged()
12-13 20:18:59.594  1639  1639 I ContactsDataManager: ContactsDataManager.onContentChanged():153 onContentChanged()
12-13 20:18:59.596  1639  1639 W AndroidSpellCheckerService: AndroidSpellCheckerService.initialize():83 initialize...done
12-13 20:18:59.599  1639  1649 I AndroidSpellCheckerService: AndroidSpellCheckerService.createSession():139 com.google.android.keyboard.client.delight5.LanguageIdentifier@6700cbc is created
12-13 20:18:59.614  1639  1639 I ProactiveUndoTriggerExtension: ProactiveUndoTriggerExtension.eventConsumer$lambda$0():125 kyp{intention=DECODE, keyCode=48, T, data=t}
12-13 20:18:59.622  1639  1639 I ProactiveUndoTriggerExtension: ProactiveUndoTriggerExtension.eventConsumer$lambda$0():125 kyp{intention=DECODE, keyCode=33, E, data=e}
12-13 20:18:59.630  1639  1639 I ProactiveUndoTriggerExtension: ProactiveUndoTriggerExtension.eventConsumer$lambda$0():125 kyp{intention=DECODE, keyCode=33, E, data=e}
12-13 20:18:59.639  1639  1639 I ProactiveUndoTriggerExtension: ProactiveUndoTriggerExtension.eventConsumer$lambda$0():125 kyp{intention=DECODE, keyCode=47, S, data=s}
12-13 20:18:59.662  1639  1639 I ProactiveUndoTriggerExtension: ProactiveUndoTriggerExtension.eventConsumer$lambda$0():125 kyp{intention=DECODE, keyCode=47, S, data=s}
12-13 20:18:59.665  1639  1639 I ProactiveUndoTriggerExtension: ProactiveUndoTriggerExtension.eventConsumer$lambda$0():125 kyp{intention=DECODE, keyCode=48, T, data=t}
12-13 20:18:59.679  1639  1639 I ProactiveUndoTriggerExtension: ProactiveUndoTriggerExtension.eventConsumer$lambda$0():125 kyp{intention=DECODE, keyCode=48, T, data=t}
12-13 20:18:59.680  1639  1639 I ProactiveUndoTriggerExtension: ProactiveUndoTriggerExtension.eventConsumer$lambda$0():125 kyp{intention=DECODE, keyCode=62, SPACE, data= }
12-13 20:18:59.713  1639  1923 I native  : I0000 00:00:1765675139.713068    1923 input-context-store.cc:268] Ignoring stale client request for FetchSuggestions
12-13 20:18:59.720  1639  1639 W InputContextProxy: InputContextProxy.waitForDecoderResponse():1632 Timed out while waiting for suggestion fetch request.
12-13 20:18:59.721 16558 16558 I ImeTracker: com.example.espressoautomationsample:8d776965: onShown
12-13 20:18:59.723  1639  1639 W InputContextProxy: InputContextProxy.applyClientDiffInternal():957 Ignore [FetchSuggestions] diff due to stale request: 402<409, inputStateId=280, lastInputStateId=281
12-13 20:18:59.782 16558 16558 W FrameTracker: Missed SF frame:JANK_COMPOSER, 140940, 11614651, CUJ=J<IME_INSETS_SHOW_ANIMATION::0@0@com.example.espressoautomationsample>
12-13 20:18:59.782 16558 16558 W FrameTracker: Missed SF frame:JANK_COMPOSER, 140976, 897610, CUJ=J<IME_INSETS_SHOW_ANIMATION::0@0@com.example.espressoautomationsample>
12-13 20:18:59.782 16558 16558 W FrameTracker: Missed SF frame:JANK_COMPOSER, 141012, 7423194, CUJ=J<IME_INSETS_SHOW_ANIMATION::0@0@com.example.espressoautomationsample>
12-13 20:18:59.782 16558 16558 W FrameTracker: Missed SF frame:JANK_COMPOSER, 141041, 3577445, CUJ=J<IME_INSETS_SHOW_ANIMATION::0@0@com.example.espressoautomationsample>
12-13 20:18:59.782 16558 16558 W FrameTracker: Missed SF frame:JANK_COMPOSER, 141070, 5941987, CUJ=J<IME_INSETS_SHOW_ANIMATION::0@0@com.example.espressoautomationsample>
12-13 20:18:59.782 16558 16558 W FrameTracker: Missed SF frame:JANK_COMPOSER, 141106, 1353946, CUJ=J<IME_INSETS_SHOW_ANIMATION::0@0@com.example.espressoautomationsample>
12-13 20:18:59.782 16558 16558 W FrameTracker: Missed SF frame:JANK_COMPOSER, 141135, 539697, CUJ=J<IME_INSETS_SHOW_ANIMATION::0@0@com.example.espressoautomationsample>
12-13 20:18:59.782 16558 16558 W FrameTracker: Missed SF frame:JANK_COMPOSER, 141171, 700865, CUJ=J<IME_INSETS_SHOW_ANIMATION::0@0@com.example.espressoautomationsample>
12-13 20:18:59.782 16558 16558 W FrameTracker: Missed SF frame:JANK_COMPOSER, 141207, 2681740, CUJ=J<IME_INSETS_SHOW_ANIMATION::0@0@com.example.espressoautomationsample>
12-13 20:18:59.783 16558 16589 V PerfettoTrigger: Not triggering com.android.telemetry.interaction-jank-monitor-80 - not enough time since last trigger
12-13 20:18:59.794  1639  1639 I ProactiveUndoTriggerExtension: ProactiveUndoTriggerExtension.eventConsumer$lambda$0():125 kyp{intention=DECODE, keyCode=62, SPACE, data= }
12-13 20:18:59.797  1639  1639 I ProactiveUndoTriggerExtension: ProactiveUndoTriggerExtension.eventConsumer$lambda$0():125 kyp{intention=DECODE, keyCode=42, N, data=n}
12-13 20:18:59.810  1639  1639 I ProactiveUndoTriggerExtension: ProactiveUndoTriggerExtension.eventConsumer$lambda$0():125 kyp{intention=DECODE, keyCode=42, N, data=n}
12-13 20:18:59.813  1639  1639 I ProactiveUndoTriggerExtension: ProactiveUndoTriggerExtension.eventConsumer$lambda$0():125 kyp{intention=DECODE, keyCode=43, O, data=o}
12-13 20:18:59.825  1639  1639 I ProactiveUndoTriggerExtension: ProactiveUndoTriggerExtension.eventConsumer$lambda$0():125 kyp{intention=DECODE, keyCode=43, O, data=o}
12-13 20:18:59.830  1639  1639 I ProactiveUndoTriggerExtension: ProactiveUndoTriggerExtension.eventConsumer$lambda$0():125 kyp{intention=DECODE, keyCode=48, T, data=t}
12-13 20:18:59.841  1639  1639 I ProactiveUndoTriggerExtension: ProactiveUndoTriggerExtension.eventConsumer$lambda$0():125 kyp{intention=DECODE, keyCode=48, T, data=t}
12-13 20:18:59.842  1639  1639 I ProactiveUndoTriggerExtension: ProactiveUndoTriggerExtension.eventConsumer$lambda$0():125 kyp{intention=DECODE, keyCode=33, E, data=e}
12-13 20:18:59.862  1639  1639 I ProactiveUndoTriggerExtension: ProactiveUndoTriggerExtension.eventConsumer$lambda$0():125 kyp{intention=DECODE, keyCode=33, E, data=e}
12-13 20:18:59.863  1639  1923 I native  : I0000 00:00:1765675139.863344    1923 input-context-store.cc:268] Ignoring stale client request for FetchSuggestions
12-13 20:18:59.864  1639  1639 W InputContextProxy: InputContextProxy.applyClientDiffInternal():957 Ignore [FetchSuggestions] diff due to stale request: 408<418, inputStateId=285, lastInputStateId=285
12-13 20:18:59.868 16558 16558 I ViewInteraction: Performing 'close keyboard' action on view view.getId() is <2131230902/com.example.espressoautomationsample:id/etNotes>
12-13 20:18:59.869 16558 16558 D IdlingRegistry: Registering idling resources: [androidx.test.espresso.action.CloseKeyboardAction$CloseKeyboardIdlingResult@961dee0]
12-13 20:18:59.872 16558 16558 I ImeTracker: com.example.espressoautomationsample:6b542439: onRequestHide at ORIGIN_CLIENT reason HIDE_SOFT_INPUT fromUser false
12-13 20:18:59.872 16558 16558 D InsetsController: hide(ime(), fromIme=false)
12-13 20:18:59.872 16558 16558 W WindowOnBackDispatcher: sendCancelIfRunning: isInProgress=false callback=android.view.ImeBackAnimationController@60c9b61
12-13 20:19:00.088   693  2190 I ImeTracker: system_server:fc8202d: onRequestHide at ORIGIN_SERVER reason IME_REQUESTED_CHANGED_LISTENER fromUser false
12-13 20:19:00.106  1639  1639 I GoogleInputMethodService: GoogleInputMethodService.onFinishInputView():1524
12-13 20:19:00.109  1639  1639 I GlobeKeyExtension: GlobeKeyExtension.onDeactivate():104
12-13 20:19:00.115  1639  1639 I VoiceInputManagerWrapper: VoiceInputManagerWrapper.shutdown():122 shutdown()
12-13 20:19:00.116  1639  1639 W ExtensionWrapper: ExtensionWrapper.setAllowUpdateNavigationBarStyle():810 class iio is not activate
12-13 20:19:00.118  1639  1639 W ExtensionWrapper: ExtensionWrapper.setAllowUpdateNavigationBarStyle():810 class iio is not activate
12-13 20:19:00.118  1639  1639 W TooltipLifecycleManager: TooltipLifecycleManager.dismissTooltips():154 Tooltip with id spell_check_add_to_dictionary not found in tooltipManager.
12-13 20:19:00.119  1639  1639 I InputBundle: InputBundle.consumeEvent():949 Skip consuming an event as keyboard status is 0
12-13 20:19:00.120   693   727 I ImeTracker: system_server:70c7ff3a: onRequestShow at ORIGIN_SERVER reason CONTROLS_CHANGED fromUser false
12-13 20:19:00.121  1639  1639 I AndroidIME: AbstractIme.onDeactivate():203 LatinIme.onDeactivate()
12-13 20:19:00.122  1639  1933 W ModuleManager: ModuleManager.loadModule():547 Module mly is not available
12-13 20:19:00.125  1639  1639 I ImeTracker: system_server:fc8202d: onHidden
12-13 20:19:00.125 16558 16558 I ImeTracker: system_server:70c7ff3a: onCancelled at PHASE_CLIENT_ON_CONTROLS_CHANGED
12-13 20:19:00.149 16558 16558 W FrameTracker: Missed SF frame:JANK_COMPOSER, 141571, 4324583, CUJ=J<IME_INSETS_HIDE_ANIMATION::1@0@com.example.espressoautomationsample>
12-13 20:19:00.177 16558 16558 D IdlingRegistry: Unregistering idling resources: [androidx.test.espresso.action.CloseKeyboardAction$CloseKeyboardIdlingResult@961dee0]
12-13 20:19:00.180 16558 16558 I ViewInteraction: Performing 'single click' action on view view.getId() is <2131230818/com.example.espressoautomationsample:id/btnSave>
12-13 20:19:00.232   693  2223 W AS.PlaybackActivityMon: No piid assigned for invalid/internal port id 16
12-13 20:19:00.244  1128  1128 I ndroid.systemui: AssetManager2(0xb4000079c909e5f8) locale list changing from [] to [en-US]
12-13 20:19:00.249 16558 16558 D LifecycleMonitor: Lifecycle status change: com.example.espressoautomationsample.DetailActivity@c781bc1 in: PAUSED
12-13 20:19:00.249 16558 16558 V ActivityScenario: Activity lifecycle changed event received but ignored because the intent does not match. startActivityIntent=Intent { act=android.intent.action.MAIN cat=[android.intent.category.LAUNCHER] flg=0x10008000 cmp=com.example.espressoautomationsample/.LoginActivity }, activity.getIntent()=Intent { xflg=0x4 cmp=com.example.espressoautomationsample/.DetailActivity (has extras) }, activity=com.example.espressoautomationsample.DetailActivity@c781bc1
12-13 20:19:00.253   530   530 I BpBinder: onLastStrongRef automatically unlinking death recipients:
12-13 20:19:00.257  1128  1128 I ndroid.systemui: AssetManager2(0xb4000079c90a3a58) locale list changing from [] to [en-US]
12-13 20:19:00.260  1128  1128 I ndroid.systemui: AssetManager2(0xb4000079c90b0bb8) locale list changing from [] to [en-US]
12-13 20:19:00.263 16558 16558 D LifecycleMonitor: Lifecycle status change: com.example.espressoautomationsample.ItemsActivity@c88b896 in: RESTARTED
12-13 20:19:00.263 16558 16558 V ActivityScenario: Activity lifecycle changed event received but ignored because the intent does not match. startActivityIntent=Intent { act=android.intent.action.MAIN cat=[android.intent.category.LAUNCHER] flg=0x10008000 cmp=com.example.espressoautomationsample/.LoginActivity }, activity.getIntent()=Intent { xflg=0x4 cmp=com.example.espressoautomationsample/.ItemsActivity }, activity=com.example.espressoautomationsample.ItemsActivity@c88b896
12-13 20:19:00.264 16558 16558 D LifecycleMonitor: Lifecycle status change: com.example.espressoautomationsample.ItemsActivity@c88b896 in: STARTED
12-13 20:19:00.264 16558 16558 V ActivityScenario: Activity lifecycle changed event received but ignored because the intent does not match. startActivityIntent=Intent { act=android.intent.action.MAIN cat=[android.intent.category.LAUNCHER] flg=0x10008000 cmp=com.example.espressoautomationsample/.LoginActivity }, activity.getIntent()=Intent { xflg=0x4 cmp=com.example.espressoautomationsample/.ItemsActivity }, activity=com.example.espressoautomationsample.ItemsActivity@c88b896
12-13 20:19:00.265 16558 16558 D LifecycleMonitor: Lifecycle status change: com.example.espressoautomationsample.ItemsActivity@c88b896 in: RESUMED
12-13 20:19:00.265 16558 16558 V ActivityScenario: Activity lifecycle changed event received but ignored because the intent does not match. startActivityIntent=Intent { act=android.intent.action.MAIN cat=[android.intent.category.LAUNCHER] flg=0x10008000 cmp=com.example.espressoautomationsample/.LoginActivity }, activity.getIntent()=Intent { xflg=0x4 cmp=com.example.espressoautomationsample/.ItemsActivity }, activity=com.example.espressoautomationsample.ItemsActivity@c88b896
12-13 20:19:00.283   530   677 I BpBinder: onLastStrongRef automatically unlinking death recipients:
12-13 20:19:00.314   693   727 I ImeTracker: system_server:5add6114: onRequestShow at ORIGIN_SERVER reason CONTROLS_CHANGED fromUser false
12-13 20:19:00.320   482   631 I RanchuHwc: logCompositionFallbackIfChanged: layer 247 CompositionType fallback from 2 to 1
12-13 20:19:00.323 16558 16558 I ImeTracker: system_server:5add6114: onCancelled at PHASE_CLIENT_ON_CONTROLS_CHANGED
12-13 20:19:00.331   693   833 I ImeTracker: com.example.espressoautomationsample:acc335ab: onRequestHide at ORIGIN_SERVER reason HIDE_UNSPECIFIED_WINDOW fromUser false
12-13 20:19:00.332 16558 16558 D InsetsController: hide(ime(), fromIme=false)
12-13 20:19:00.332 16558 16558 I ImeTracker: com.example.espressoautomationsample:acc335ab: onCancelled at PHASE_CLIENT_ALREADY_HIDDEN
12-13 20:19:00.336   693  2190 I ImeTracker: system_server:6ef2172d: onRequestHide at ORIGIN_SERVER reason IME_REQUESTED_CHANGED_LISTENER fromUser false
12-13 20:19:00.339  1639  1639 I GoogleInputMethodService: GoogleInputMethodService.onFinishInput():2043
12-13 20:19:00.342   693   726 I ImeTracker: system_server:6ef2172d: onCancelled at PHASE_SERVER_SHOULD_HIDE
12-13 20:19:00.355   693   727 I ImeTracker: system_server:b1012df9: onRequestShow at ORIGIN_SERVER reason CONTROLS_CHANGED fromUser false
12-13 20:19:00.365 16558 16558 W RemoteInputConnectionImpl: requestCursorUpdates on inactive InputConnection
12-13 20:19:00.366 16558 16558 I ImeTracker: system_server:b1012df9: onCancelled at PHASE_CLIENT_ON_CONTROLS_CHANGED
12-13 20:19:00.372  1639  1639 I Module  : DeviceLockedStatusModuleProvider$Module.updateDeviceLockedStatus():100 repeatCheckTimes = 0, locked = false
12-13 20:19:00.373  1639  1639 I GoogleInputMethodService: GoogleInputMethodService.onStartInput():1293 onStartInput(EditorInfo{EditorInfo{packageName=com.example.espressoautomationsample, inputType=0, inputTypeString=NULL, enableLearning=false, autoCorrection=false, autoComplete=false, imeOptions=0, privateImeOptions=null, actionName=UNSPECIFIED, actionLabel=null, initialSelStart=-1, initialSelEnd=-1, initialCapsMode=0, label=null, fieldId=0, fieldName=null, extras=null, hintText=null, hintLocales=[]}}, false)
12-13 20:19:00.374  1639  1639 I Module  : DeviceLockedStatusModuleProvider$Module.updateDeviceLockedStatus():100 repeatCheckTimes = 1, locked = false
12-13 20:19:00.378  1639  1639 I ShortcutsDataManager: AbstractContentDataManager.startImportContentTask():243 startImportContentTask()
12-13 20:19:00.379  1639  1932 I ShortcutsDataManager: AbstractContentDataManager$ImportContentTask.doInBackground():258 doInBackground()
12-13 20:19:00.379  1639  1932 I PersonalDictionaryDataHandler: PersonalDictionaryDataHandler.beginProcess():114 LanguageTags = [en-US]
12-13 20:19:00.465   458   509 I netd    : tetherGetStats() -> {[]} <6.22ms>
12-13 20:19:00.510  1639  1932 I ShortcutsDataManager: AbstractContentDataManager.importRecords():349 importRecords() : Success : Count = 0
12-13 20:19:00.515  1639  1932 I ShortcutsDataManager: AbstractContentDataManager.importContentData():298 importContentData() : Ending import process
12-13 20:19:00.516  1639  1923 I Delight5Decoder: Delight5DecoderWrapper.unloadLanguageModel():957 unloadLanguageModel() : 4, version [n/a]
12-13 20:19:00.549  1639  1932 I PersonalLanguageModelUpdater: PersonalLanguageModelUpdater$UpdateOperation.performInternal():165 run() : Added 0 words and 0 shortcuts
12-13 20:19:00.549  1639  1932 I DynamicLanguageModelOperation: DynamicLanguageModelOperation.perform():43 perform() : 4 : dqh : Completed
12-13 20:19:00.549  1639  1923 I Delight5Decoder: Delight5DecoderWrapper.loadLanguageModel():740 loadLanguageModel() : 4, version [n/a]
12-13 20:19:00.549  1639  1639 I ShortcutsDataManager: AbstractContentDataManager$ImportContentTask.onPostExecute():269 onPostExecute() : Result = [2,0]
12-13 20:19:00.549  1639  1639 I ShortcutsDataManager: ShortcutsDataManager.onImportFinished():82 onImportFinished() : Result = 2 : Count = 0
12-13 20:19:00.549  1639  1923 I Delight5Decoder: Delight5DecoderWrapper.loadLanguageModel():785 Loaded dynamic LM 4.en
12-13 20:19:00.586 16558 16558 I ViewInteraction: Checking 'MatchesViewAssertion{viewMatcher=(view has effective visibility <VISIBLE> and view.getGlobalVisibleRect() to return non-empty rectangle)}' assertion on view view.getId() is <2131231201/com.example.espressoautomationsample:id/tvHeader>
12-13 20:19:00.589 16558 16558 I ViewInteraction: Performing 'performing ViewAction: single click on item matching: holder with view: (view is an instance of android.view.ViewGroup and has descendant matching an instance of android.widget.TextView and view.getText() with or without transformation to match: is "Item 3")' action on view view.getId() is <2131231092/com.example.espressoautomationsample:id/rvItems>
12-13 20:19:00.648   693  2223 I ImeTracker: system_server:b07af78a: onRequestHide at ORIGIN_SERVER reason IME_REQUESTED_CHANGED_LISTENER fromUser false
12-13 20:19:00.649   693   726 I ImeTracker: system_server:b07af78a: onCancelled at PHASE_SERVER_SHOULD_HIDE
12-13 20:19:00.677   693  2190 W AS.PlaybackActivityMon: No piid assigned for invalid/internal port id 16
12-13 20:19:00.680   693  1942 V GrammaticalInflectionUtils: AttributionSource: AttributionSource { uid = 10220, packageName = null, attributionTag = null, token = android.os.Binder@9dc5ea6, deviceId = 0, next = null } does not have READ_SYSTEM_GRAMMATICAL_GENDER permission.
12-13 20:19:00.691   530   677 I BpBinder: onLastStrongRef automatically unlinking death recipients:
12-13 20:19:00.707 16558 16558 D LifecycleMonitor: Lifecycle status change: com.example.espressoautomationsample.ItemsActivity@c88b896 in: PAUSED
12-13 20:19:00.708 16558 16558 V ActivityScenario: Activity lifecycle changed event received but ignored because the intent does not match. startActivityIntent=Intent { act=android.intent.action.MAIN cat=[android.intent.category.LAUNCHER] flg=0x10008000 cmp=com.example.espressoautomationsample/.LoginActivity }, activity.getIntent()=Intent { xflg=0x4 cmp=com.example.espressoautomationsample/.ItemsActivity }, activity=com.example.espressoautomationsample.ItemsActivity@c88b896
12-13 20:19:00.726 16558 16558 I utomationsample: AssetManager2(0xb4000079c9098518) locale list changing from [] to [en-US]
12-13 20:19:00.728 16558 16558 D LifecycleMonitor: Lifecycle status change: com.example.espressoautomationsample.DetailActivity@9fb8491 in: PRE_ON_CREATE
12-13 20:19:00.728 16558 16558 V ActivityScenario: Activity lifecycle changed event received but ignored because the intent does not match. startActivityIntent=Intent { act=android.intent.action.MAIN cat=[android.intent.category.LAUNCHER] flg=0x10008000 cmp=com.example.espressoautomationsample/.LoginActivity }, activity.getIntent()=Intent { xflg=0x4 cmp=com.example.espressoautomationsample/.DetailActivity (has extras) }, activity=com.example.espressoautomationsample.DetailActivity@9fb8491
12-13 20:19:00.733 16558 16558 W HWUI    : Image decoding logging dropped!
12-13 20:19:00.736 16558 16558 D AutofillManager: Fill dialog is enabled:false, hints=[]
12-13 20:19:00.738 16558 16558 W HWUI    : Image decoding logging dropped!
12-13 20:19:00.739 16558 16558 W HWUI    : Image decoding logging dropped!
12-13 20:19:00.739 16558 16558 W HWUI    : Image decoding logging dropped!
12-13 20:19:00.739 16558 16558 W HWUI    : Image decoding logging dropped!
12-13 20:19:00.743 16558 16558 D LifecycleMonitor: Lifecycle status change: com.example.espressoautomationsample.DetailActivity@9fb8491 in: CREATED
12-13 20:19:00.743 16558 16558 V ActivityScenario: Activity lifecycle changed event received but ignored because the intent does not match. startActivityIntent=Intent { act=android.intent.action.MAIN cat=[android.intent.category.LAUNCHER] flg=0x10008000 cmp=com.example.espressoautomationsample/.LoginActivity }, activity.getIntent()=Intent { xflg=0x4 cmp=com.example.espressoautomationsample/.DetailActivity (has extras) }, activity=com.example.espressoautomationsample.DetailActivity@9fb8491
12-13 20:19:00.744 16558 16558 D LifecycleMonitor: Lifecycle status change: com.example.espressoautomationsample.DetailActivity@9fb8491 in: STARTED
12-13 20:19:00.744 16558 16558 V ActivityScenario: Activity lifecycle changed event received but ignored because the intent does not match. startActivityIntent=Intent { act=android.intent.action.MAIN cat=[android.intent.category.LAUNCHER] flg=0x10008000 cmp=com.example.espressoautomationsample/.LoginActivity }, activity.getIntent()=Intent { xflg=0x4 cmp=com.example.espressoautomationsample/.DetailActivity (has extras) }, activity=com.example.espressoautomationsample.DetailActivity@9fb8491
12-13 20:19:00.744 16558 16558 D LifecycleMonitor: Lifecycle status change: com.example.espressoautomationsample.DetailActivity@9fb8491 in: RESUMED
12-13 20:19:00.744 16558 16558 V ActivityScenario: Activity lifecycle changed event received but ignored because the intent does not match. startActivityIntent=Intent { act=android.intent.action.MAIN cat=[android.intent.category.LAUNCHER] flg=0x10008000 cmp=com.example.espressoautomationsample/.LoginActivity }, activity.getIntent()=Intent { xflg=0x4 cmp=com.example.espressoautomationsample/.DetailActivity (has extras) }, activity=com.example.espressoautomationsample.DetailActivity@9fb8491
12-13 20:19:00.810   693   723 I ActivityTaskManager: Displayed com.example.espressoautomationsample/.DetailActivity for user 0: +135ms
12-13 20:19:00.858 16558 16558 D VRI[DetailActivity]: visibilityChanged oldVisibility=true newVisibility=false
12-13 20:19:00.872 16558 16558 I AutofillManager: onInvisibleForAutofill(): expiringResponse
12-13 20:19:00.872 16558 16558 D LifecycleMonitor: Lifecycle status change: com.example.espressoautomationsample.DetailActivity@c781bc1 in: STOPPED
12-13 20:19:00.872 16558 16558 V ActivityScenario: Activity lifecycle changed event received but ignored because the intent does not match. startActivityIntent=Intent { act=android.intent.action.MAIN cat=[android.intent.category.LAUNCHER] flg=0x10008000 cmp=com.example.espressoautomationsample/.LoginActivity }, activity.getIntent()=Intent { xflg=0x4 cmp=com.example.espressoautomationsample/.DetailActivity (has extras) }, activity=com.example.espressoautomationsample.DetailActivity@c781bc1
12-13 20:19:00.873 16558 16558 D AutofillManager: onActivityFinishing(): calling cancelLocked()
12-13 20:19:00.873 16558 16558 D LifecycleMonitor: Lifecycle status change: com.example.espressoautomationsample.DetailActivity@c781bc1 in: DESTROYED
12-13 20:19:00.873 16558 16558 V ActivityScenario: Activity lifecycle changed event received but ignored because the intent does not match. startActivityIntent=Intent { act=android.intent.action.MAIN cat=[android.intent.category.LAUNCHER] flg=0x10008000 cmp=com.example.espressoautomationsample/.LoginActivity }, activity.getIntent()=Intent { xflg=0x4 cmp=com.example.espressoautomationsample/.DetailActivity (has extras) }, activity=com.example.espressoautomationsample.DetailActivity@c781bc1
12-13 20:19:00.873 16558 16558 W WindowOnBackDispatcher: sendCancelIfRunning: isInProgress=false callback=android.view.ViewRootImpl$$ExternalSyntheticLambda13@2e50ade
12-13 20:19:00.875 16558 16576 D HWUI    : endAllActiveAnimators on 0xb400007b291104c0 (RippleDrawable) with handle 0xb400007ac90da5d0
12-13 20:19:00.875 16558 16558 D ViewRootImpl: Skipping stats log for color mode
12-13 20:19:00.876  1639 16317 I SpellCheckerSession: SpellCheckerSession.onClose():690 com.google.android.keyboard.client.delight5.LanguageIdentifier@6700cbc is closed
12-13 20:19:00.927   693   833 I ImeTracker: com.example.espressoautomationsample:d62ff5e8: onRequestHide at ORIGIN_SERVER reason HIDE_UNSPECIFIED_WINDOW fromUser false
12-13 20:19:00.928 16558 16558 D InsetsController: hide(ime(), fromIme=false)
12-13 20:19:00.928 16558 16558 I ImeTracker: com.example.espressoautomationsample:d62ff5e8: onCancelled at PHASE_CLIENT_ALREADY_HIDDEN
12-13 20:19:00.930  1639  1639 I GoogleInputMethodService: GoogleInputMethodService.onFinishInput():2043
12-13 20:19:00.930   693  2180 I ImeTracker: system_server:51dcaaa4: onRequestHide at ORIGIN_SERVER reason IME_REQUESTED_CHANGED_LISTENER fromUser false
12-13 20:19:00.931   693   726 I ImeTracker: system_server:51dcaaa4: onCancelled at PHASE_SERVER_SHOULD_HIDE
12-13 20:19:00.932  1639  1639 I Module  : DeviceLockedStatusModuleProvider$Module.updateDeviceLockedStatus():100 repeatCheckTimes = 0, locked = false
12-13 20:19:00.934  1639  1639 I GoogleInputMethodService: GoogleInputMethodService.onStartInput():1293 onStartInput(EditorInfo{EditorInfo{packageName=com.example.espressoautomationsample, inputType=0, inputTypeString=NULL, enableLearning=false, autoCorrection=false, autoComplete=false, imeOptions=0, privateImeOptions=null, actionName=UNSPECIFIED, actionLabel=null, initialSelStart=-1, initialSelEnd=-1, initialCapsMode=0, label=null, fieldId=0, fieldName=null, extras=null, hintText=null, hintLocales=[]}}, false)
12-13 20:19:00.935  1639  1639 I Module  : DeviceLockedStatusModuleProvider$Module.updateDeviceLockedStatus():100 repeatCheckTimes = 1, locked = false
12-13 20:19:01.099 16558 16558 I ViewInteraction: Checking 'MatchesViewAssertion{viewMatcher=(an instance of android.view.View and an instance of android.widget.Checkable) and view.isChecked() matching: is <true>}' assertion on view view.getId() is <2131230825/com.example.espressoautomationsample:id/cbFavorite>
12-13 20:19:01.100 16558 16558 I ViewInteraction: Checking 'MatchesViewAssertion{viewMatcher=an instance of android.widget.TextView and view.getText() with or without transformation to match: is "test note"}' assertion on view view.getId() is <2131230902/com.example.espressoautomationsample:id/etNotes>
12-13 20:19:01.101 16558 16572 I TestRunner: finished: favorite_persists_for_item(com.example.espressoautomationsample.EspressoSystemTest)
