12-13 20:19:03.948  1639  1639 W Keyboard: Keyboard.getKeyboardViewHelper():597 null helper is returned: keyboardDef=kze{processedConditions={}, globalConditions={}, className=com.google.android.libraries.inputmethod.keyboard.impl.Keyboard, resourceIds=[#0x7f170045], initialStates=0, keyboardViewDefs=[], persistentStates=0, persistentStatesPrefKey=null, popupBubbleLayoutId=0, recentKeyLayoutId=0, recentKeyPopupLayoutId=0, recentKeyType=null, rememberRecentKey=NONE, sessionStates=0}, type=WIDGET, helpersCreated=[null, null, null, null], context.getResources().getConfiguration(): {1.0 310mcc260mnc [en_US] ldltr sw411dp w411dp h866dp 420dpi nrml long port finger qwerty/v/v dpad/v winConfig={ mBounds=Rect(0, 0 - 1080, 2400) mAppBounds=Rect(0, 0 - 1080, 2337) mMaxBounds=Rect(0, 0 - 1080, 2400) mDisplayRotation=ROTATION_0 mWindowingMode=fullscreen mActivityType=undefined mAlwaysOnTop=undefined mRotation=ROTATION_0} as.3 s.37 fontWeightAdjustment=0}
12-13 20:19:03.949  1639  1639 I KeyboardManager: KeyboardManager.requestKeyboard():248 Creating keyboard accessory_candidates_consumer, imeId=password, cacheKey=theme_!gsf_!pgsans_!pgsf_!use_system_font_BORDER=true_FLAVOR_DPI=XXHDPI_KEYBOARD_WIDTH_CATEGORY=NORMAL_LIGHT_THEME=true_PHYSICAL_DIAGONAL=5.9895906_SCREEN_SHORTEST_WIDTH=411_SCREEN_SHORTEST_WIDTH_NO_SCALE=411_bottom4dp_enable_google_fonts_icons=true_enable_popup_on_keypress=true_keyboard_redesign_google_sans=true_noshadow_overlay_builtin_dynamic_color_light_base.binarypb:gm3-light-fffaf8ff-ff475d92-6dac7c28fa7faa76f8370bbfdbc77981_silkpopup_unify_function_key_color=true
12-13 20:19:03.950  1639  1639 I GlobeKeyExtension: GlobeKeyExtension.getKeyboardInitialStates():131
12-13 20:19:03.950  1639  1639 W Keyboard: Keyboard.getKeyboardViewHelper():597 null helper is returned: keyboardDef=kze{processedConditions={}, globalConditions={global_theme_key=theme_!gsf_!pgsans_!pgsf_!use_system_font_BORDER=true_FLAVOR_DPI=XXHDPI_KEYBOARD_WIDTH_CATEGORY=NORMAL_LIGHT_THEME=true_PHYSICAL_DIAGONAL=5.9895906_SCREEN_SHORTEST_WIDTH=411_SCREEN_SHORTEST_WIDTH_NO_SCALE=411_bottom4dp_enable_google_fonts_icons=true_enable_popup_on_keypress=true_keyboard_redesign_google_sans=true_noshadow_overlay_builtin_dynamic_color_light_base.binarypb:gm3-light-fffaf8ff-ff475d92-6dac7c28fa7faa76f8370bbfdbc77981_silkpopup_unify_function_key_color=true, global_locale=en_US, global_density_dpi=420, global_orientation=1}, className=.latin.keyboard.AccessoryKeyboard, resourceIds=[#0x7f170044], initialStates=0, keyboardViewDefs=[kzt{direction=null, id=#0x7f0b0166, isScalable=false, layoutId=#0x7f0e002d, type=FLOATING_CANDIDATES, touchable=true, defaultShow=false}], persistentStates=0, persistentStatesPrefKey=null, popupBubbleLayoutId=#0x7f0e05ce, recentKeyLayoutId=0, recentKeyPopupLayoutId=0, recentKeyType=null, rememberRecentKey=NONE, sessionStates=0}, type=HEADER, helpersCreated=[null, null, kkl@f0a29d1, null], context.getResources().getConfiguration(): {1.0 310mcc260mnc [en_US] ldltr sw411dp w411dp h866dp 420dpi nrml long port finger qwerty/v/v dpad/v winConfig={ mBounds=Rect(0, 0 - 1080, 2400) mAppBounds=Rect(0, 0 - 1080, 2337) mMaxBounds=Rect(0, 0 - 1080, 2400) mDisplayRotation=ROTATION_0 mWindowingMode=fullscreen mActivityType=undefined mAlwaysOnTop=undefined mRotation=ROTATION_0} as.3 s.37 fontWeightAdjustment=0}
12-13 20:19:03.951  1639  1639 W Keyboard: Keyboard.getKeyboardViewHelper():597 null helper is returned: keyboardDef=kze{processedConditions={}, globalConditions={global_theme_key=theme_!gsf_!pgsans_!pgsf_!use_system_font_BORDER=true_FLAVOR_DPI=XXHDPI_KEYBOARD_WIDTH_CATEGORY=NORMAL_LIGHT_THEME=true_PHYSICAL_DIAGONAL=5.9895906_SCREEN_SHORTEST_WIDTH=411_SCREEN_SHORTEST_WIDTH_NO_SCALE=411_bottom4dp_enable_google_fonts_icons=true_enable_popup_on_keypress=true_keyboard_redesign_google_sans=true_noshadow_overlay_builtin_dynamic_color_light_base.binarypb:gm3-light-fffaf8ff-ff475d92-6dac7c28fa7faa76f8370bbfdbc77981_silkpopup_unify_function_key_color=true, global_locale=en_US, global_density_dpi=420, global_orientation=1}, className=.latin.keyboard.AccessoryKeyboard, resourceIds=[#0x7f170044], initialStates=0, keyboardViewDefs=[kzt{direction=null, id=#0x7f0b0166, isScalable=false, layoutId=#0x7f0e002d, type=FLOATING_CANDIDATES, touchable=true, defaultShow=false}], persistentStates=0, persistentStatesPrefKey=null, popupBubbleLayoutId=#0x7f0e05ce, recentKeyLayoutId=0, recentKeyPopupLayoutId=0, recentKeyType=null, rememberRecentKey=NONE, sessionStates=0}, type=BODY, helpersCreated=[null, null, kkl@f0a29d1, null], context.getResources().getConfiguration(): {1.0 310mcc260mnc [en_US] ldltr sw411dp w411dp h866dp 420dpi nrml long port finger qwerty/v/v dpad/v winConfig={ mBounds=Rect(0, 0 - 1080, 2400) mAppBounds=Rect(0, 0 - 1080, 2337) mMaxBounds=Rect(0, 0 - 1080, 2400) mDisplayRotation=ROTATION_0 mWindowingMode=fullscreen mActivityType=undefined mAlwaysOnTop=undefined mRotation=ROTATION_0} as.3 s.37 fontWeightAdjustment=0}
12-13 20:19:03.953  1639  1639 I AndroidIME: InputBundleManager.startInput():361 startInput() with kzp[keyboardType=accessory, payload=null]
12-13 20:19:03.954  1639  1639 I GlobeKeyExtension: GlobeKeyExtension.onActivate():70
12-13 20:19:03.956  1639  1639 I CrowdsourceExtension: CrowdsourceExtension.checkIfDefaultBrowserIsAllowed():109 Failed to get default browser. The default browser may be deactivated.
12-13 20:19:03.958  1639  1639 I NewLanguagePromptExtension: NewLanguagePromptExtension.onActivate():186 Not activated NewLanguagePromptExtension: not a normal text input box.
12-13 20:19:03.959  1639  1639 I HardKeyTracker: HardKeyTracker.unregisterKeySequence():182 Unregister key sequence lsr{labelResId=2132020165, callback=cbb@e78090b, lastModifier=2, keyCodes=[56], actions=[0]}
12-13 20:19:03.959  1639  1639 I HardKeyTracker: HardKeyTracker.unregisterKeySequence():182 Unregister key sequence lsr{labelResId=2132020165, callback=cbb@2e5a0a6, lastModifier=0, keyCodes=[317], actions=[0]}
12-13 20:19:03.960  1639  1639 I HardKeyTracker: HardKeyTracker.registerKeySequence():138 Register key sequence lsr{labelResId=2132020165, callback=cbb@4eac267, lastModifier=2, keyCodes=[56], actions=[0]}
12-13 20:19:03.960  1639  1639 I HardKeyTracker: HardKeyTracker.registerKeySequence():138 Register key sequence lsr{labelResId=2132020165, callback=cbb@40e3eb2, lastModifier=0, keyCodes=[317], actions=[0]}
12-13 20:19:03.961  1639  1639 I VoiceInputManagerWrapper: VoiceInputManagerWrapper.cancelShutdown():100 cancelShutdown()
12-13 20:19:03.961  1639  1639 I VoiceInputManagerWrapper: VoiceInputManagerWrapper.syncLanguagePacks():112 syncLanguagePacks()
12-13 20:19:03.962  1639  1639 I VoiceInputManager: VoiceInputManager.onKeyboardActivated():1023 onKeyboardActivated() [UD]
12-13 20:19:03.962  1639 15140 I SpeechFactory: SpeechRecognitionFactory.maybeScheduleAutoPackDownloadForFallback():161 maybeScheduleAutoPackDownloadForFallback()
12-13 20:19:03.962  1639 15140 I FallbackOnDeviceRecognitionProvider: FallbackOnDeviceRecognitionProvider.maybeScheduleAutoPackDownload():198 maybeScheduleAutoPackDownload() for language tag en-US
12-13 20:19:03.964  1639  1639 I AccessoryInputModeManager: AccessoryInputModeManager.onModeStarted():322 Accessory input mode started: PK
12-13 20:19:03.965  1639  1639 W ExtensionWrapper: ExtensionWrapper.setAllowUpdateNavigationBarStyle():810 class iio is not activate
12-13 20:19:03.965  1639  1639 I WidgetViewShowingController: WidgetViewShowingController.showWidgetKeyboardInternal():524 Show companion widget
12-13 20:19:03.969  1639  1639 W ExtensionWrapper: ExtensionWrapper.setAllowUpdateNavigationBarStyle():810 class iio is not activate
12-13 20:19:03.970  1639  1639 I WidgetViewShowingPositionHandler: WidgetViewShowingPositionHandler.updateAvailableArea():194 update available area Rect(21, 149 - 1059, 2333)
12-13 20:19:03.971  1639  1639 I HardKeyTracker: HardKeyTracker.registerKeySequence():138 Register key sequence lsr{labelResId=2132020170, callback=cbb@f4b8df3, lastModifier=2, keyCodes=[32], actions=[0]}
12-13 20:19:03.972  1639  1639 I KeyboardModeUtils: KeyboardModeUtils.getKeyboardBottomOffset():437 inch: 0.000000 ydpi: 420.000000 adjustKeyboardBottomByDisplaySize: false currentDensityDpi: 420 defaultDensityDpi: 420 keyboardBottomToScreenPx: 0 keyboardBottomToNavBarPx: -63 navBarHeight: 63
12-13 20:19:03.972  1639  1639 I ResizableKeyboardModeController: ResizableKeyboardModeController.getKeyboardBottomOffset():182 currentPrimeKeyboardType:SOFT keyboardBottomOffset:0 navBarHeight:63 isInLandscape:false
12-13 20:19:03.972  1639  1639 I KeyboardHeightUtil: KeyboardHeightUtil.calculateMaxKeyboardBodyHeight():46 leave 281 height for app when ime window height:2209, header height:116 and isFullscreenMode:false, so the max keyboard body height is:1812
12-13 20:19:03.973  1639  1639 I KeyboardHeightUtil: KeyboardHeightUtil.calculateMaxKeyboardBodyHeight():46 leave 281 height for app when ime window height:2209, header height:116 and isFullscreenMode:false, so the max keyboard body height is:1812
12-13 20:19:03.974  1639  1639 I KeyboardHeightUtil: KeyboardHeightUtil.calculateMaxKeyboardBodyHeight():46 leave 281 height for app when ime window height:2209, header height:116 and isFullscreenMode:false, so the max keyboard body height is:1812
12-13 20:19:03.974  1639  1639 W ExtensionWrapper: ExtensionWrapper.setExtensionViewVisibility():801 interface koa is not activate
12-13 20:19:03.975  1639  1639 I Module  : DeviceLockedStatusModuleProvider$Module.updateDeviceLockedStatus():100 repeatCheckTimes = 1, locked = false
12-13 20:19:03.976  1639  1639 I HardKeyTracker: HardKeyTracker.unregisterKeySequence():182 Unregister key sequence lsr{labelResId=2132020169, callback=cbb@254fce1, lastModifier=2, keyCodes=[48], actions=[0]}
12-13 20:19:03.976  1639  1639 I HardKeyTracker: HardKeyTracker.registerKeySequence():138 Register key sequence lsr{labelResId=2132020169, callback=cbb@5adc2e5, lastModifier=2, keyCodes=[48], actions=[0]}
12-13 20:19:03.977  1639  1639 I CurrentMicStatusHolder: CurrentMicStatusHolder.onStartInputView():81 Current Mic status = {MicIconHidden-PasswordOrNumberOrDateInputType,}
12-13 20:19:03.977  1639  1639 I HardKeyTracker: HardKeyTracker.unregisterKeySequence():182 Unregister key sequence lsr{labelResId=2132020170, callback=cbb@78b2092, lastModifier=2, keyCodes=[32], actions=[0]}
12-13 20:19:03.977  1639  1639 I HardKeyTracker: HardKeyTracker.registerKeySequence():138 Register key sequence lsr{labelResId=2132020170, callback=cbb@fe76f86, lastModifier=2, keyCodes=[32], actions=[0]}
12-13 20:19:03.978  1639  1639 I HardKeyTracker: HardKeyTracker.unregisterKeySequence():182 Unregister key sequence lsr{labelResId=2132020170, callback=cbb@f4b8df3, lastModifier=2, keyCodes=[32], actions=[0]}
12-13 20:19:03.978  1639  1639 I HardKeyTracker: HardKeyTracker.registerKeySequence():138 Register key sequence lsr{labelResId=2132020170, callback=cbb@473d9e3, lastModifier=2, keyCodes=[32], actions=[0]}
12-13 20:19:03.980  1639  1639 I WindowMetricsNotification: WindowMetricsNotification.notifyWithWindow():166
12-13 20:19:03.981  1639  1639 I WindowMetricsNotification: WindowMetricsNotification.notify():159 mub[bounds=Rect(0, 128 - 1080, 2400), insets=Rect(0, 0 - 0, 63), densityDpi=420, smallestScreenWidthDp=411, displayWidth=1080, displayHeight=2400, xdpi=420.0, ydpi=420.0, isTrustable=true, displayId=0]; DisplayMetrics{density=2.625, width=1080, height=2400, scaledDensity=2.625, xdpi=420.0, ydpi=420.0}
12-13 20:19:03.986  1639  1639 I GoogleInputMethodService: GoogleInputMethodService$1.onKeyboardViewShown():312 onKeyboardViewShown: keyboardType=accessory, keyboardViewType=HEADER keyboardView=null
12-13 20:19:03.987  1639  1639 I GoogleInputMethodService: GoogleInputMethodService$1.onKeyboardViewShown():312 onKeyboardViewShown: keyboardType=accessory, keyboardViewType=BODY keyboardView=null
12-13 20:19:03.987  1639  1639 I KeyboardHeightUtil: KeyboardHeightUtil.calculateMaxKeyboardBodyHeight():46 leave 281 height for app when ime window height:2209, header height:116 and isFullscreenMode:false, so the max keyboard body height is:1812
12-13 20:19:03.987  1639  1639 I KeyboardHeightUtil: KeyboardHeightUtil.calculateMaxKeyboardBodyHeight():46 leave 281 height for app when ime window height:2209, header height:116 and isFullscreenMode:false, so the max keyboard body height is:1812
12-13 20:19:03.987  1639  1639 I KeyboardHeightUtil: KeyboardHeightUtil.calculateMaxKeyboardBodyHeight():46 leave 281 height for app when ime window height:2209, header height:116 and isFullscreenMode:false, so the max keyboard body height is:1812
12-13 20:19:04.122 16558 16558 I ImeTracker: com.example.espressoautomationsample:e14c04e6: onShown
12-13 20:19:04.123   693  1205 I ImeTracker: com.example.espressoautomationsample:e14c04e6: setFinished on previously finished token at PHASE_NOT_SET with STATUS_SUCCESS
12-13 20:19:04.142 16558 16558 D UiControllerImpl: Injecting string: "password"
12-13 20:19:04.143  1639  1639 I StylusModule: StylusModule.onUpdateToolType():801 Update tool type = 0
12-13 20:19:04.156  1639  1639 I StylusModule: StylusModule.onUpdateToolType():801 Update tool type = 0
12-13 20:19:04.185  1639  1639 I StylusModule: StylusModule.onUpdateToolType():801 Update tool type = 0
12-13 20:19:04.206  1639  1639 I StylusModule: StylusModule.onUpdateToolType():801 Update tool type = 0
12-13 20:19:04.231  1639  1639 I StylusModule: StylusModule.onUpdateToolType():801 Update tool type = 0
12-13 20:19:04.241  1639  1639 I StylusModule: StylusModule.onUpdateToolType():801 Update tool type = 0
12-13 20:19:04.258  1639  1639 I StylusModule: StylusModule.onUpdateToolType():801 Update tool type = 0
12-13 20:19:04.274  1639  1639 I StylusModule: StylusModule.onUpdateToolType():801 Update tool type = 0
12-13 20:19:04.295 16558 16558 I ViewInteraction: Performing 'close keyboard' action on view view.getId() is <2131230903/com.example.espressoautomationsample:id/etPassword>
12-13 20:19:04.295 16558 16558 D IdlingRegistry: Registering idling resources: [androidx.test.espresso.action.CloseKeyboardAction$CloseKeyboardIdlingResult@1c0967f]
12-13 20:19:04.295 16558 16558 I ImeTracker: com.example.espressoautomationsample:7fdacab: onRequestHide at ORIGIN_CLIENT reason HIDE_SOFT_INPUT fromUser false
12-13 20:19:04.296 16558 16558 D InsetsController: hide(ime(), fromIme=false)
12-13 20:19:04.296 16558 16558 W WindowOnBackDispatcher: sendCancelIfRunning: isInProgress=false callback=android.view.ImeBackAnimationController@999bf16
12-13 20:19:04.508   693  2223 I ImeTracker: system_server:70d9134f: onRequestHide at ORIGIN_SERVER reason IME_REQUESTED_CHANGED_LISTENER fromUser false
12-13 20:19:04.512  1639  1639 I GoogleInputMethodService: GoogleInputMethodService.onFinishInputView():1524
12-13 20:19:04.512  1639  1639 I GlobeKeyExtension: GlobeKeyExtension.onDeactivate():104
12-13 20:19:04.513  1639  1639 I VoiceInputManagerWrapper: VoiceInputManagerWrapper.shutdown():122 shutdown()
12-13 20:19:04.513  1639  1639 W ExtensionWrapper: ExtensionWrapper.setAllowUpdateNavigationBarStyle():810 class iio is not activate
12-13 20:19:04.514  1639  1639 W ExtensionWrapper: ExtensionWrapper.setAllowUpdateNavigationBarStyle():810 class iio is not activate
12-13 20:19:04.515  1639  1639 W TooltipLifecycleManager: TooltipLifecycleManager.dismissTooltips():154 Tooltip with id spell_check_add_to_dictionary not found in tooltipManager.
12-13 20:19:04.515  1639  1639 I AndroidIME: AbstractIme.onDeactivate():203 PasswordIme.onDeactivate()
12-13 20:19:04.516  1639  1639 I ImeTracker: system_server:70d9134f: onHidden
12-13 20:19:04.539   693   727 I ImeTracker: system_server:613a3439: onRequestShow at ORIGIN_SERVER reason CONTROLS_CHANGED fromUser false
12-13 20:19:04.541 16558 16558 I ImeTracker: system_server:613a3439: onCancelled at PHASE_CLIENT_ON_CONTROLS_CHANGED
12-13 20:19:04.598 16558 16558 D IdlingRegistry: Unregistering idling resources: [androidx.test.espresso.action.CloseKeyboardAction$CloseKeyboardIdlingResult@1c0967f]
12-13 20:19:04.600 16558 16558 I ViewInteraction: Performing 'single click' action on view view.getId() is <2131230819/com.example.espressoautomationsample:id/btnSignIn>
12-13 20:19:04.658   693  2426 V GrammaticalInflectionUtils: AttributionSource: AttributionSource { uid = 10220, packageName = null, attributionTag = null, token = android.os.Binder@9dc5ea6, deviceId = 0, next = null } does not have READ_SYSTEM_GRAMMATICAL_GENDER permission.
12-13 20:19:04.664   693  2223 W AS.PlaybackActivityMon: No piid assigned for invalid/internal port id 16
12-13 20:19:04.666   530   677 I BpBinder: onLastStrongRef automatically unlinking death recipients:
12-13 20:19:04.702   530   530 I BpBinder: onLastStrongRef automatically unlinking death recipients:
12-13 20:19:04.706 16558 16558 D LifecycleMonitor: Lifecycle status change: com.example.espressoautomationsample.LoginActivity@cd79ba3 in: PAUSED
12-13 20:19:04.706 16558 16558 V ActivityScenario: Update currentActivityStage to PAUSED, currentActivity=com.example.espressoautomationsample.LoginActivity@cd79ba3
12-13 20:19:04.726 16558 16558 D LifecycleMonitor: Lifecycle status change: com.example.espressoautomationsample.ItemsActivity@bc5ad14 in: PRE_ON_CREATE
12-13 20:19:04.727 16558 16558 V ActivityScenario: Activity lifecycle changed event received but ignored because the intent does not match. startActivityIntent=Intent { act=android.intent.action.MAIN cat=[android.intent.category.LAUNCHER] flg=0x10008000 cmp=com.example.espressoautomationsample/.LoginActivity }, activity.getIntent()=Intent { xflg=0x4 cmp=com.example.espressoautomationsample/.ItemsActivity }, activity=com.example.espressoautomationsample.ItemsActivity@bc5ad14
12-13 20:19:04.741 16558 16558 D LifecycleMonitor: Lifecycle status change: com.example.espressoautomationsample.ItemsActivity@bc5ad14 in: CREATED
12-13 20:19:04.741 16558 16558 V ActivityScenario: Activity lifecycle changed event received but ignored because the intent does not match. startActivityIntent=Intent { act=android.intent.action.MAIN cat=[android.intent.category.LAUNCHER] flg=0x10008000 cmp=com.example.espressoautomationsample/.LoginActivity }, activity.getIntent()=Intent { xflg=0x4 cmp=com.example.espressoautomationsample/.ItemsActivity }, activity=com.example.espressoautomationsample.ItemsActivity@bc5ad14
12-13 20:19:04.742 16558 16558 D LifecycleMonitor: Lifecycle status change: com.example.espressoautomationsample.ItemsActivity@bc5ad14 in: STARTED
12-13 20:19:04.742 16558 16558 V ActivityScenario: Activity lifecycle changed event received but ignored because the intent does not match. startActivityIntent=Intent { act=android.intent.action.MAIN cat=[android.intent.category.LAUNCHER] flg=0x10008000 cmp=com.example.espressoautomationsample/.LoginActivity }, activity.getIntent()=Intent { xflg=0x4 cmp=com.example.espressoautomationsample/.ItemsActivity }, activity=com.example.espressoautomationsample.ItemsActivity@bc5ad14
12-13 20:19:04.744 16558 16558 D AutofillManager: Fill dialog is enabled:false, hints=[]
12-13 20:19:04.744 16558 16558 D LifecycleMonitor: Lifecycle status change: com.example.espressoautomationsample.ItemsActivity@bc5ad14 in: RESUMED
12-13 20:19:04.744 16558 16558 V ActivityScenario: Activity lifecycle changed event received but ignored because the intent does not match. startActivityIntent=Intent { act=android.intent.action.MAIN cat=[android.intent.category.LAUNCHER] flg=0x10008000 cmp=com.example.espressoautomationsample/.LoginActivity }, activity.getIntent()=Intent { xflg=0x4 cmp=com.example.espressoautomationsample/.ItemsActivity }, activity=com.example.espressoautomationsample.ItemsActivity@bc5ad14
12-13 20:19:04.745   520   619 D AudioFlinger: mixer(0xb4000079f8685770) throttle end: throttle time(32)
12-13 20:19:04.781   693   727 I ImeTracker: system_server:970732c: onRequestShow at ORIGIN_SERVER reason CONTROLS_CHANGED fromUser false
12-13 20:19:04.784   693   723 I ActivityTaskManager: Displayed com.example.espressoautomationsample/.ItemsActivity for user 0: +112ms
12-13 20:19:04.797 16558 16558 I ImeTracker: system_server:970732c: onCancelled at PHASE_CLIENT_ON_CONTROLS_CHANGED
12-13 20:19:04.894   693   833 I ImeTracker: com.example.espressoautomationsample:7ae676d5: onRequestHide at ORIGIN_SERVER reason HIDE_UNSPECIFIED_WINDOW fromUser false
12-13 20:19:04.894 16558 16558 D InsetsController: hide(ime(), fromIme=false)
12-13 20:19:04.894 16558 16558 I ImeTracker: com.example.espressoautomationsample:7ae676d5: onCancelled at PHASE_CLIENT_ALREADY_HIDDEN
12-13 20:19:04.896   693  1205 I ImeTracker: system_server:23705fc: onRequestHide at ORIGIN_SERVER reason IME_REQUESTED_CHANGED_LISTENER fromUser false
12-13 20:19:04.896  1639  1639 I GoogleInputMethodService: GoogleInputMethodService.onFinishInput():2043
12-13 20:19:04.897   693   726 I ImeTracker: system_server:23705fc: onCancelled at PHASE_SERVER_SHOULD_HIDE
12-13 20:19:04.910 16558 16558 W RemoteInputConnectionImpl: requestCursorUpdates on inactive InputConnection
12-13 20:19:04.913  1639  1639 I Module  : DeviceLockedStatusModuleProvider$Module.updateDeviceLockedStatus():100 repeatCheckTimes = 0, locked = false
12-13 20:19:04.914  1639  1639 I GoogleInputMethodService: GoogleInputMethodService.onStartInput():1293 onStartInput(EditorInfo{EditorInfo{packageName=com.example.espressoautomationsample, inputType=0, inputTypeString=NULL, enableLearning=false, autoCorrection=false, autoComplete=false, imeOptions=0, privateImeOptions=null, actionName=UNSPECIFIED, actionLabel=null, initialSelStart=-1, initialSelEnd=-1, initialCapsMode=0, label=null, fieldId=0, fieldName=null, extras=null, hintText=null, hintLocales=[]}}, false)
12-13 20:19:04.915  1639  1639 I Module  : DeviceLockedStatusModuleProvider$Module.updateDeviceLockedStatus():100 repeatCheckTimes = 1, locked = false
12-13 20:19:04.915  1639  1639 I HardKeyTracker: HardKeyTracker.registerKeySequence():138 Register key sequence lsr{labelResId=0, callback=fjq@1943d6a, lastModifier=0, keyCodes=[57, 57], actions=[1, 0]}
12-13 20:19:04.915  1639  1639 I HardKeyTracker: HardKeyTracker.registerKeySequence():138 Register key sequence lsr{labelResId=0, callback=fjq@eaf6bd1, lastModifier=0, keyCodes=[58, 58], actions=[1, 0]}
12-13 20:19:04.920   693   727 I ImeTracker: system_server:fd32acdd: onRequestShow at ORIGIN_SERVER reason CONTROLS_CHANGED fromUser false
12-13 20:19:04.922 16558 16558 I ImeTracker: system_server:fd32acdd: onCancelled at PHASE_CLIENT_ON_CONTROLS_CHANGED
12-13 20:19:05.026   693  2185 I ImeTracker: system_server:95101665: onRequestHide at ORIGIN_SERVER reason IME_REQUESTED_CHANGED_LISTENER fromUser false
12-13 20:19:05.026   693   726 I ImeTracker: system_server:95101665: onCancelled at PHASE_SERVER_SHOULD_HIDE
12-13 20:19:05.048 16558 16558 I ViewInteraction: Checking 'MatchesViewAssertion{viewMatcher=(view has effective visibility <VISIBLE> and view.getGlobalVisibleRect() to return non-empty rectangle)}' assertion on view view.getId() is <2131231201/com.example.espressoautomationsample:id/tvHeader>
12-13 20:19:05.049 16558 16558 I ViewInteraction: Checking 'MatchesViewAssertion{viewMatcher=an instance of android.widget.TextView and view.getText() with or without transformation to match: is "Items"}' assertion on view view.getId() is <2131231201/com.example.espressoautomationsample:id/tvHeader>
12-13 20:19:05.052   693  2185 V GrammaticalInflectionUtils: AttributionSource: AttributionSource { uid = 10221, packageName = null, attributionTag = null, token = android.os.Binder@9dc5ea6, deviceId = 0, next = null } does not have READ_SYSTEM_GRAMMATICAL_GENDER permission.
12-13 20:19:05.055   530   586 I BpBinder: onLastStrongRef automatically unlinking death recipients:
12-13 20:19:05.058 16558 16558 D LifecycleMonitor: Lifecycle status change: com.example.espressoautomationsample.ItemsActivity@bc5ad14 in: PAUSED
12-13 20:19:05.058 16558 16558 V ActivityScenario: Activity lifecycle changed event received but ignored because the intent does not match. startActivityIntent=Intent { act=android.intent.action.MAIN cat=[android.intent.category.LAUNCHER] flg=0x10008000 cmp=com.example.espressoautomationsample/.LoginActivity }, activity.getIntent()=Intent { xflg=0x4 cmp=com.example.espressoautomationsample/.ItemsActivity }, activity=com.example.espressoautomationsample.ItemsActivity@bc5ad14
12-13 20:19:05.066  1128  1268 I ndroid.systemui: AssetManager2(0xb4000079c90b8598) locale list changing from [] to [en-US]
12-13 20:19:05.070 16609 16622 I EGL_emulation: Opening libGLESv1_CM_emulation.so
12-13 20:19:05.071 16609 16622 I EGL_emulation: Opening libGLESv2_emulation.so
12-13 20:19:05.074  1128  1269 D SplashScreenView: Build android.window.SplashScreenView{b965904 V.E...... ......ID 0,0-0,0}
12-13 20:19:05.074  1128  1269 D SplashScreenView: Icon: view: null drawable: null size: 0
12-13 20:19:05.074  1128  1269 D SplashScreenView: Branding: view: android.view.View{b3b4eed G.ED..... ......I. 0,0-0,0 #1020541 android:id/splashscreen_branding_view} drawable: null size w: 0 h: 0
12-13 20:19:05.089   597   597 W IPCThreadState: Sending oneway calls to frozen process.
12-13 20:19:05.094   458   509 I netd    : tetherGetStats() -> {[]} <3.81ms>
12-13 20:19:05.097 16609 16622 W HWUI    : Failed to choose config with EGL_SWAP_BEHAVIOR_PRESERVED, retrying without...
12-13 20:19:05.098 16609 16622 W HWUI    : Failed to initialize 101010-2 format, error = EGL_SUCCESS
12-13 20:19:05.099 16609 16609 D AutofillManager: Fill dialog is enabled:false, hints=[]
12-13 20:19:05.133 16558 16558 D VRI[LoginActivity]: visibilityChanged oldVisibility=true newVisibility=false
12-13 20:19:05.141  1128  1217 I ndroid.systemui: AssetManager2(0xb4000079c90a30f8) locale list changing from [] to [en-US]
12-13 20:19:05.143  1128  1217 I ndroid.systemui: AssetManager2(0xb4000079c90ae958) locale list changing from [] to [en-US]
12-13 20:19:05.153   482   631 I RanchuHwc: logCompositionFallbackIfChanged: layer 257 CompositionType fallback from 3 to 1
12-13 20:19:05.161 16558 16576 D HWUI    : endAllActiveAnimators on 0xb400007b290bc350 (RippleDrawable) with handle 0xb400007ac90ce900
12-13 20:19:05.229   530   840 I BpBinder: onLastStrongRef automatically unlinking death recipients:
12-13 20:19:05.234   693   723 I ActivityTaskManager: Displayed com.example.espressoautomationsample.test/androidx.test.core.app.InstrumentationActivityInvoker$EmptyActivity for user 0: +178ms
12-13 20:19:05.249 16558 16558 I AutofillManager: onInvisibleForAutofill(): expiringResponse
12-13 20:19:05.250 16558 16558 D LifecycleMonitor: Lifecycle status change: com.example.espressoautomationsample.LoginActivity@cd79ba3 in: STOPPED
12-13 20:19:05.251 16558 16558 V ActivityScenario: Update currentActivityStage to STOPPED, currentActivity=com.example.espressoautomationsample.LoginActivity@cd79ba3
12-13 20:19:05.252 16558 16558 D AutofillManager: onActivityFinishing(): calling cancelLocked()
12-13 20:19:05.253 16558 16558 D LifecycleMonitor: Lifecycle status change: com.example.espressoautomationsample.LoginActivity@cd79ba3 in: DESTROYED
12-13 20:19:05.254 16558 16558 V ActivityScenario: Update currentActivityStage to DESTROYED, currentActivity=null
12-13 20:19:05.254 16558 16572 I TestRunner: finished: login_success_navigates_to_items(com.example.espressoautomationsample.EspressoSystemTest)
