12-13 20:18:55.180 16558 16572 I TestRunner: started: favorite_persists_for_item(com.example.espressoautomationsample.EspressoSystemTest)
12-13 20:18:55.192 16558 16572 W Settings: Setting always_finish_activities has moved from android.provider.Settings.System to android.provider.Settings.Global, returning read-only value.
12-13 20:18:55.209   693  2180 V GrammaticalInflectionUtils: AttributionSource: AttributionSource { uid = 10220, packageName = null, attributionTag = null, token = android.os.Binder@9dc5ea6, deviceId = 0, next = null } does not have READ_SYSTEM_GRAMMATICAL_GENDER permission.
12-13 20:18:55.210 16609 16622 W HWUI    : Failed to choose config with EGL_SWAP_BEHAVIOR_PRESERVED, retrying without...
12-13 20:18:55.210 16609 16622 W HWUI    : Failed to initialize 101010-2 format, error = EGL_SUCCESS
12-13 20:18:55.226   530   840 I BpBinder: onLastStrongRef automatically unlinking death recipients:
12-13 20:18:55.234   536   536 W adbd    : type=1400 audit(0.0:1063): avc:  denied  { getattr } for  path="/sys/fs/cgroup/apps/uid_10221/pid_16609/cgroup.freeze" dev="cgroup2" ino=11249 scontext=u:r:adbd:s0 tcontext=u:object_r:cgroup_v2:s0 tclass=file permissive=0
12-13 20:18:55.261  1128  1269 D SplashScreenView: Build android.window.SplashScreenView{882c59b V.E...... ......ID 0,0-0,0}
12-13 20:18:55.261  1128  1269 D SplashScreenView: Icon: view: null drawable: null size: 0
12-13 20:18:55.261  1128  1269 D SplashScreenView: Branding: view: android.view.View{8c58d38 G.ED..... ......I. 0,0-0,0 #1020541 android:id/splashscreen_branding_view} drawable: null size w: 0 h: 0
12-13 20:18:55.274   530   530 I BpBinder: onLastStrongRef automatically unlinking death recipients:
12-13 20:18:55.373 16558 16558 I utomationsample: AssetManager2(0xb4000079c9085918) locale list changing from [] to [en-US]
12-13 20:18:55.404 16558 16558 D LifecycleMonitor: Lifecycle status change: com.example.espressoautomationsample.LoginActivity@27490d5 in: PRE_ON_CREATE
12-13 20:18:55.407 16558 16558 V ActivityScenario: Activity lifecycle changed event received but ignored because the reported transition was not ON_CREATE while the last known transition was PRE_ON_CREATE
12-13 20:18:55.411   530   585 W ServiceManagerCppClient: Permission failure: android.permission.ACCESS_SURFACE_FLINGER from uid=10221 pid=0
12-13 20:18:55.411   530   585 D PermissionCache: checking android.permission.ACCESS_SURFACE_FLINGER for uid=10221 => denied (709 us)
12-13 20:18:55.417   530   677 W ServiceManagerCppClient: Permission failure: android.permission.ROTATE_SURFACE_FLINGER from uid=10221 pid=16609
12-13 20:18:55.417   530   677 D PermissionCache: checking android.permission.ROTATE_SURFACE_FLINGER for uid=10221 => denied (410 us)
12-13 20:18:55.417   530   585 W ServiceManagerCppClient: Permission failure: android.permission.ROTATE_SURFACE_FLINGER from uid=10221 pid=0
12-13 20:18:55.417   530   585 D PermissionCache: checking android.permission.ROTATE_SURFACE_FLINGER for uid=10221 => denied (5253 us)
12-13 20:18:55.417   530   585 W ServiceManagerCppClient: Permission failure: android.permission.INTERNAL_SYSTEM_WINDOW from uid=10221 pid=0
12-13 20:18:55.417   530   585 D PermissionCache: checking android.permission.INTERNAL_SYSTEM_WINDOW for uid=10221 => denied (512 us)
12-13 20:18:55.417   530   677 W ServiceManagerCppClient: Permission failure: android.permission.INTERNAL_SYSTEM_WINDOW from uid=10221 pid=16609
12-13 20:18:55.417   530   677 D PermissionCache: checking android.permission.INTERNAL_SYSTEM_WINDOW for uid=10221 => denied (697 us)
12-13 20:18:55.449   458   509 I netd    : tetherGetStats() -> {[]} <11.47ms>
12-13 20:18:55.454   482   631 I RanchuHwc: logCompositionFallbackIfChanged: layer 238 CompositionType fallback from 3 to 1
12-13 20:18:55.464 16558 16558 W HWUI    : Image decoding logging dropped!
12-13 20:18:55.482   693  1942 W ServiceManagerCppClient: Permission failure: android.permission.ACCESS_SURFACE_FLINGER from uid=10221 pid=0
12-13 20:18:55.482   693  1942 D PermissionCache: checking android.permission.ACCESS_SURFACE_FLINGER for uid=10221 => denied (359 us)
12-13 20:18:55.483   693  1942 W ServiceManagerCppClient: Permission failure: android.permission.ROTATE_SURFACE_FLINGER from uid=10221 pid=0
12-13 20:18:55.483   693  1942 D PermissionCache: checking android.permission.ROTATE_SURFACE_FLINGER for uid=10221 => denied (195 us)
12-13 20:18:55.483   693  1942 W ServiceManagerCppClient: Permission failure: android.permission.INTERNAL_SYSTEM_WINDOW from uid=10221 pid=0
12-13 20:18:55.483   693  1942 D PermissionCache: checking android.permission.INTERNAL_SYSTEM_WINDOW for uid=10221 => denied (289 us)
12-13 20:18:55.483 16558 16558 D AutofillManager: Fill dialog is enabled:false, hints=[]
12-13 20:18:55.502 16558 16558 D LifecycleMonitor: Lifecycle status change: com.example.espressoautomationsample.LoginActivity@27490d5 in: CREATED
12-13 20:18:55.502 16558 16558 V ActivityScenario: Update currentActivityStage to CREATED, currentActivity=com.example.espressoautomationsample.LoginActivity@27490d5
12-13 20:18:55.512 16558 16558 D LifecycleMonitor: Lifecycle status change: com.example.espressoautomationsample.LoginActivity@27490d5 in: STARTED
12-13 20:18:55.512 16558 16558 V ActivityScenario: Update currentActivityStage to STARTED, currentActivity=com.example.espressoautomationsample.LoginActivity@27490d5
12-13 20:18:55.514 16558 16558 D LifecycleMonitor: Lifecycle status change: com.example.espressoautomationsample.LoginActivity@27490d5 in: RESUMED
12-13 20:18:55.514 16558 16558 V ActivityScenario: Update currentActivityStage to RESUMED, currentActivity=com.example.espressoautomationsample.LoginActivity@27490d5
12-13 20:18:55.614   693   723 I ActivityTaskManager: Displayed com.example.espressoautomationsample/.LoginActivity for user 0: +402ms
12-13 20:18:55.646   693   833 I ImeTracker: com.example.espressoautomationsample:d35a0de3: onRequestHide at ORIGIN_SERVER reason HIDE_UNSPECIFIED_WINDOW fromUser false
12-13 20:18:55.650 16558 16558 D InsetsController: hide(ime(), fromIme=false)
12-13 20:18:55.650 16558 16558 I ImeTracker: com.example.espressoautomationsample:d35a0de3: onCancelled at PHASE_CLIENT_ALREADY_HIDDEN
12-13 20:18:55.674   693  2223 I ImeTracker: system_server:dcf88f75: onRequestHide at ORIGIN_SERVER reason IME_REQUESTED_CHANGED_LISTENER fromUser false
12-13 20:18:55.675   693   726 I ImeTracker: system_server:dcf88f75: onCancelled at PHASE_SERVER_SHOULD_HIDE
12-13 20:18:55.699  1639  1639 I GoogleInputMethodService: GoogleInputMethodService.onFinishInput():2043
12-13 20:18:55.722 16558 16558 W RemoteInputConnectionImpl: requestCursorUpdates on inactive InputConnection
12-13 20:18:55.736  1639  1639 I Module  : DeviceLockedStatusModuleProvider$Module.updateDeviceLockedStatus():100 repeatCheckTimes = 0, locked = false
12-13 20:18:55.741  1639  1639 I GoogleInputMethodService: GoogleInputMethodService.onStartInput():1293 onStartInput(EditorInfo{EditorInfo{packageName=com.example.espressoautomationsample, inputType=0, inputTypeString=NULL, enableLearning=false, autoCorrection=false, autoComplete=false, imeOptions=0, privateImeOptions=null, actionName=UNSPECIFIED, actionLabel=null, initialSelStart=-1, initialSelEnd=-1, initialCapsMode=0, label=null, fieldId=0, fieldName=null, extras=null, hintText=null, hintLocales=[]}}, false)
12-13 20:18:55.749  1639  1639 I Module  : DeviceLockedStatusModuleProvider$Module.updateDeviceLockedStatus():100 repeatCheckTimes = 1, locked = false
12-13 20:18:55.751  1639  1639 I HardKeyTracker: HardKeyTracker.registerKeySequence():138 Register key sequence lsr{labelResId=0, callback=fjq@b5f39ab, lastModifier=0, keyCodes=[57, 57], actions=[1, 0]}
12-13 20:18:55.753  1639  1639 I HardKeyTracker: HardKeyTracker.registerKeySequence():138 Register key sequence lsr{labelResId=0, callback=fjq@83081c6, lastModifier=0, keyCodes=[58, 58], actions=[1, 0]}
12-13 20:18:55.789   597   597 W IPCThreadState: Sending oneway calls to frozen process.
12-13 20:18:55.805  1128  1268 W WindowOnBackDispatcher: sendCancelIfRunning: isInProgress=false callback=android.view.ViewRootImpl$$ExternalSyntheticLambda13@165669f
12-13 20:18:55.958  1128  1268 W WindowOnBackDispatcher: sendCancelIfRunning: isInProgress=false callback=android.view.ViewRootImpl$$ExternalSyntheticLambda13@2be2077
12-13 20:18:55.986 16609 16609 D VRI[InstrumentationActivityInvoker$EmptyActivity]: visibilityChanged oldVisibility=true newVisibility=false
12-13 20:18:56.024 16609 16609 W WindowOnBackDispatcher: sendCancelIfRunning: isInProgress=false callback=android.view.ViewRootImpl$$ExternalSyntheticLambda13@b576457
12-13 20:18:56.027 16609 16609 D ViewRootImpl: Skipping stats log for color mode
12-13 20:18:56.035  1446  1446 D RecentsView: onTaskRemoved: 35, not handling task stack changes
12-13 20:18:56.038  1446  1446 D RecentsView: onTaskRemoved: 35, not handling task stack changes
12-13 20:18:56.040 16609 16613 I tionsample.test: Compiler allocated 5111KB to compile void android.view.ViewRootImpl.performTraversals()
12-13 20:18:56.049   693   833 I ImeTracker: com.example.espressoautomationsample:72058b2: setFinished at PHASE_CLIENT_ANIMATION_CANCEL with STATUS_TIMEOUT
12-13 20:18:56.173 16558 16558 I ViewInteraction: Performing 'type text(demo)' action on view view.getId() is <2131230904/com.example.espressoautomationsample:id/etUsername>
12-13 20:18:56.232 16558 16558 I AutofillManager: showAutofillDialog() return false due to improve fill dialog
12-13 20:18:56.234 16558 16558 I ImeTracker: com.example.espressoautomationsample:36f3a4db: onRequestShow at ORIGIN_CLIENT reason SHOW_SOFT_INPUT fromUser true
12-13 20:18:56.234 16558 16558 D InsetsController: show(ime(), fromIme=false)
12-13 20:18:56.251  1639  1639 I GoogleInputMethodService: GoogleInputMethodService.onFinishInput():2043
12-13 20:18:56.252 16558 16558 I AssistStructure: Flattened final assist data: 2128 bytes, containing 1 windows, 10 views
12-13 20:18:56.258  1639  1639 I Module  : DeviceLockedStatusModuleProvider$Module.updateDeviceLockedStatus():100 repeatCheckTimes = 0, locked = false
12-13 20:18:56.264  1639  1639 I DeviceIntelligenceExtension: DeviceIntelligenceExtension.getInlineSuggestionsRequest():281 Inline suggestions disabled in stylus mode or vertical PK/Voice toolbar
12-13 20:18:56.266  1639  1639 I GoogleInputMethodService: GoogleInputMethodService.onStartInput():1293 onStartInput(EditorInfo{EditorInfo{packageName=com.example.espressoautomationsample, inputType=61, inputTypeString=PersonName[], enableLearning=true, autoCorrection=true, autoComplete=true, imeOptions=8000005, privateImeOptions=null, actionName=NEXT, actionLabel=null, initialSelStart=0, initialSelEnd=0, initialCapsMode=0, label=null, fieldId=2131230904, fieldName=null, extras=Bundle[mParcelledData.dataSize=404], hintText=non-empty, hintLocales=[]}}, false)
12-13 20:18:56.280  1639  1639 I Module  : DeviceLockedStatusModuleProvider$Module.updateDeviceLockedStatus():100 repeatCheckTimes = 1, locked = false
12-13 20:18:56.285  1639  1639 I StylusModule: StylusModule.onUpdateToolType():801 Update tool type = 2
12-13 20:18:56.288  1639  1639 I GoogleInputMethodService: GoogleInputMethodService.onStartInputView():1392 onStartInputView(EditorInfo{EditorInfo{packageName=com.example.espressoautomationsample, inputType=61, inputTypeString=PersonName[], enableLearning=true, autoCorrection=true, autoComplete=true, imeOptions=8000005, privateImeOptions=null, actionName=NEXT, actionLabel=null, initialSelStart=0, initialSelEnd=0, initialCapsMode=0, label=null, fieldId=2131230904, fieldName=null, extras=Bundle[{android.support.text.emoji.emojiCompat_metadataVersion=11, androidx.core.view.inputmethod.EditorInfoCompat.STYLUS_HANDWRITING_ENABLED=true, android.support.text.emoji.emojiCompat_replaceAll=false}], hintText=non-empty, hintLocales=[]}}, false)
12-13 20:18:56.292  1639  1639 I KeyboardHeightUtil: KeyboardHeightUtil.getOemKeyboardHeightRatio():161 systemKeyboardHeightRatio:1.000000.
12-13 20:18:56.298  1639  1639 I AndroidIME: InputBundleManager.loadActiveInputBundleId():483 loadActiveInputBundleId: en-US, ime_english_united_states
12-13 20:18:56.299  1639  1639 I AndroidIME: AbstractIme.onActivate():90 LatinIme.onActivate() : EditorInfo = EditorInfo{packageName=com.example.espressoautomationsample, inputType=61, inputTypeString=PersonName[], enableLearning=true, autoCorrection=true, autoComplete=true, imeOptions=8000005, privateImeOptions=null, actionName=NEXT, actionLabel=null, initialSelStart=0, initialSelEnd=0, initialCapsMode=0, label=null, fieldId=2131230904, fieldName=null, extras=Bundle[{android.support.text.emoji.emojiCompat_metadataVersion=11, androidx.core.view.inputmethod.EditorInfoCompat.STYLUS_HANDWRITING_ENABLED=true, android.support.text.emoji.emojiCompat_replaceAll=false}], hintText=non-empty, hintLocales=[]}, IncognitoMode = false, DeviceLocked = false
12-13 20:18:56.301  1639  1639 I InputBundle: InputBundle.consumeEvent():949 Skip consuming an event as keyboard status is 0
12-13 20:18:56.303  1639  1639 I Delight5Facilitator: Delight5Facilitator.initializeForIme():729 initializeForIme() : Locale = [en_US], layout = qwerty
12-13 20:18:56.305  1639  1639 I LatinIme: LatinIme.updateEnableInlineSuggestionsOnDecoderSideFlags():1256 inline flag updated to:false
12-13 20:18:56.307  1639  1639 I LatinIme: LatinIme.updateEnableInlineSuggestionsOnDecoderSideFlags():1256 inline flag updated to:false
12-13 20:18:56.322  1639  1639 I InputBundle: InputBundle.consumeEvent():949 Skip consuming an event as keyboard status is 0
12-13 20:18:56.322  1639  1639 I InputBundle: InputBundle.consumeEvent():949 Skip consuming an event as keyboard status is 0
12-13 20:18:56.327  1639  1923 I Delight5Decoder: Delight5DecoderWrapper.setKeyboardLayout():521 setKeyboardLayout()
12-13 20:18:56.327  1639  1639 I KeyboardWrapper: KeyboardWrapper.activateKeyboard():562 activateKeyboard(): type=accessory, status=0, imeDef=kyj{stringId=ime_english_united_states, language=en-US, languageTag=en-US, processedConditions={enable_number_row=false, device=phone}, className=com.google.android.libraries.inputmethod.ime.experiment.ExperimentImeWrapper, label=0, keyEventInterpreter=null, inlineComposing=true, autoCapital=true, announceAutoSelectedCandidate=true, statusIcon=0, primeKeyboardType=SOFT, indicatorIcon=0, indicatorLabel=US, displayAppCompletions=true, extraValues=kyb{#0x7f0b021c=TypedValue{t=0x3/d=0x0 "writing_helper_enable_by_word_revert=false"}, #0x7f0b0222=TypedValue{t=0x3/d=0x0 "com.google.android.apps.inputmethod.libs.latin5.LatinIme"}, #0x7f0b0223=TypedValue{t=0x3/d=0x0 "com.google.android.apps.inputmethod.libs.edittracker.EditTrackingImeWrapper"}, #0x7f0b0224=TypedValue{t=0x3/d=0x0 "com.google.android.apps.inputmethod.libs.latin5.LatinIme"}}, processors=lac@e843e86, unacceptableMetaKeys=4098, languageSpecificSettings=0, asciiCapable=true, alwaysShowSuggestions=false, useAsciiPasswordKeyboard=false, secondaryIme=null, keyboardGroupDef=kzl@fc332a8, phenotypeFlagId=0, localizationLanguageTag=null, supportsInlineSuggestion=true}
12-13 20:18:56.328  1639  1639 I KeyboardManager: KeyboardManager.requestKeyboard():248 Creating keyboard accessory, imeId=ime_english_united_states, cacheKey=theme_!gsf_!pgsans_!pgsf_!use_system_font_BORDER=true_FLAVOR_DPI=XXHDPI_KEYBOARD_WIDTH_CATEGORY=NORMAL_LIGHT_THEME=true_PHYSICAL_DIAGONAL=5.9895906_SCREEN_SHORTEST_WIDTH=411_SCREEN_SHORTEST_WIDTH_NO_SCALE=411_bottom4dp_enable_google_fonts_icons=true_enable_popup_on_keypress=true_keyboard_redesign_google_sans=true_noshadow_overlay_builtin_dynamic_color_light_base.binarypb:gm3-light-fffaf8ff-ff475d92-6dac7c28fa7faa76f8370bbfdbc77981_silkpopup_unify_function_key_color=true
12-13 20:18:56.328  1639  1639 I KeyboardWrapper: KeyboardWrapper.onKeyboardReady():212 onKeyboardReady(): type=accessory(accessory), kb=com.google.android.libraries.inputmethod.keyboard.impl.Keyboard@e5846b1
12-13 20:18:56.328  1639  1639 I KeyboardWrapper: KeyboardWrapper.doActivateKeyboard():589 doActivateKeyboard(): accessory
12-13 20:18:56.329  1639  1639 W Keyboard: Keyboard.getKeyboardViewHelper():597 null helper is returned: keyboardDef=kze{processedConditions={}, globalConditions={}, className=com.google.android.libraries.inputmethod.keyboard.impl.Keyboard, resourceIds=[#0x7f170045], initialStates=0, keyboardViewDefs=[], persistentStates=0, persistentStatesPrefKey=null, popupBubbleLayoutId=0, recentKeyLayoutId=0, recentKeyPopupLayoutId=0, recentKeyType=null, rememberRecentKey=NONE, sessionStates=0}, type=HEADER, helpersCreated=[null, null, null, null], context.getResources().getConfiguration(): {1.0 310mcc260mnc [en_US] ldltr sw411dp w411dp h866dp 420dpi nrml long port finger qwerty/v/v dpad/v winConfig={ mBounds=Rect(0, 0 - 1080, 2400) mAppBounds=Rect(0, 0 - 1080, 2337) mMaxBounds=Rect(0, 0 - 1080, 2400) mDisplayRotation=ROTATION_0 mWindowingMode=fullscreen mActivityType=undefined mAlwaysOnTop=undefined mRotation=ROTATION_0} as.3 s.37 fontWeightAdjustment=0}
12-13 20:18:56.329  1639  1639 W Keyboard: Keyboard.getKeyboardViewHelper():597 null helper is returned: keyboardDef=kze{processedConditions={}, globalConditions={}, className=com.google.android.libraries.inputmethod.keyboard.impl.Keyboard, resourceIds=[#0x7f170045], initialStates=0, keyboardViewDefs=[], persistentStates=0, persistentStatesPrefKey=null, popupBubbleLayoutId=0, recentKeyLayoutId=0, recentKeyPopupLayoutId=0, recentKeyType=null, rememberRecentKey=NONE, sessionStates=0}, type=BODY, helpersCreated=[null, null, null, null], context.getResources().getConfiguration(): {1.0 310mcc260mnc [en_US] ldltr sw411dp w411dp h866dp 420dpi nrml long port finger qwerty/v/v dpad/v winConfig={ mBounds=Rect(0, 0 - 1080, 2400) mAppBounds=Rect(0, 0 - 1080, 2337) mMaxBounds=Rect(0, 0 - 1080, 2400) mDisplayRotation=ROTATION_0 mWindowingMode=fullscreen mActivityType=undefined mAlwaysOnTop=undefined mRotation=ROTATION_0} as.3 s.37 fontWeightAdjustment=0}
12-13 20:18:56.330  1639  1639 I GlobeKeyExtension: GlobeKeyExtension.getKeyboardInitialStates():131
12-13 20:18:56.331  1639  1639 W Keyboard: Keyboard.getKeyboardViewHelper():597 null helper is returned: keyboardDef=kze{processedConditions={}, globalConditions={}, className=com.google.android.libraries.inputmethod.keyboard.impl.Keyboard, resourceIds=[#0x7f170045], initialStates=0, keyboardViewDefs=[], persistentStates=0, persistentStatesPrefKey=null, popupBubbleLayoutId=0, recentKeyLayoutId=0, recentKeyPopupLayoutId=0, recentKeyType=null, rememberRecentKey=NONE, sessionStates=0}, type=HEADER, helpersCreated=[null, null, null, null], context.getResources().getConfiguration(): {1.0 310mcc260mnc [en_US] ldltr sw411dp w411dp h866dp 420dpi nrml long port finger qwerty/v/v dpad/v winConfig={ mBounds=Rect(0, 0 - 1080, 2400) mAppBounds=Rect(0, 0 - 1080, 2337) mMaxBounds=Rect(0, 0 - 1080, 2400) mDisplayRotation=ROTATION_0 mWindowingMode=fullscreen mActivityType=undefined mAlwaysOnTop=undefined mRotation=ROTATION_0} as.3 s.37 fontWeightAdjustment=0}
12-13 20:18:56.331  1639  1639 W Keyboard: Keyboard.getKeyboardViewHelper():597 null helper is returned: keyboardDef=kze{processedConditions={}, globalConditions={}, className=com.google.android.libraries.inputmethod.keyboard.impl.Keyboard, resourceIds=[#0x7f170045], initialStates=0, keyboardViewDefs=[], persistentStates=0, persistentStatesPrefKey=null, popupBubbleLayoutId=0, recentKeyLayoutId=0, recentKeyPopupLayoutId=0, recentKeyType=null, rememberRecentKey=NONE, sessionStates=0}, type=BODY, helpersCreated=[null, null, null, null], context.getResources().getConfiguration(): {1.0 310mcc260mnc [en_US] ldltr sw411dp w411dp h866dp 420dpi nrml long port finger qwerty/v/v dpad/v winConfig={ mBounds=Rect(0, 0 - 1080, 2400) mAppBounds=Rect(0, 0 - 1080, 2337) mMaxBounds=Rect(0, 0 - 1080, 2400) mDisplayRotation=ROTATION_0 mWindowingMode=fullscreen mActivityType=undefined mAlwaysOnTop=undefined mRotation=ROTATION_0} as.3 s.37 fontWeightAdjustment=0}
12-13 20:18:56.331  1639  1639 W Keyboard: Keyboard.getKeyboardViewHelper():597 null helper is returned: keyboardDef=kze{processedConditions={}, globalConditions={}, className=com.google.android.libraries.inputmethod.keyboard.impl.Keyboard, resourceIds=[#0x7f170045], initialStates=0, keyboardViewDefs=[], persistentStates=0, persistentStatesPrefKey=null, popupBubbleLayoutId=0, recentKeyLayoutId=0, recentKeyPopupLayoutId=0, recentKeyType=null, rememberRecentKey=NONE, sessionStates=0}, type=FLOATING_CANDIDATES, helpersCreated=[null, null, null, null], context.getResources().getConfiguration(): {1.0 310mcc260mnc [en_US] ldltr sw411dp w411dp h866dp 420dpi nrml long port finger qwerty/v/v dpad/v winConfig={ mBounds=Rect(0, 0 - 1080, 2400) mAppBounds=Rect(0, 0 - 1080, 2337) mMaxBounds=Rect(0, 0 - 1080, 2400) mDisplayRotation=ROTATION_0 mWindowingMode=fullscreen mActivityType=undefined mAlwaysOnTop=undefined mRotation=ROTATION_0} as.3 s.37 fontWeightAdjustment=0}
12-13 20:18:56.331  1639  1639 W Keyboard: Keyboard.getKeyboardViewHelper():597 null helper is returned: keyboardDef=kze{processedConditions={}, globalConditions={}, className=com.google.android.libraries.inputmethod.keyboard.impl.Keyboard, resourceIds=[#0x7f170045], initialStates=0, keyboardViewDefs=[], persistentStates=0, persistentStatesPrefKey=null, popupBubbleLayoutId=0, recentKeyLayoutId=0, recentKeyPopupLayoutId=0, recentKeyType=null, rememberRecentKey=NONE, sessionStates=0}, type=WIDGET, helpersCreated=[null, null, null, null], context.getResources().getConfiguration(): {1.0 310mcc260mnc [en_US] ldltr sw411dp w411dp h866dp 420dpi nrml long port finger qwerty/v/v dpad/v winConfig={ mBounds=Rect(0, 0 - 1080, 2400) mAppBounds=Rect(0, 0 - 1080, 2337) mMaxBounds=Rect(0, 0 - 1080, 2400) mDisplayRotation=ROTATION_0 mWindowingMode=fullscreen mActivityType=undefined mAlwaysOnTop=undefined mRotation=ROTATION_0} as.3 s.37 fontWeightAdjustment=0}
12-13 20:18:56.332  1639  1639 I KeyboardManager: KeyboardManager.requestKeyboard():248 Creating keyboard accessory_candidates_consumer, imeId=ime_english_united_states, cacheKey=theme_!gsf_!pgsans_!pgsf_!use_system_font_BORDER=true_FLAVOR_DPI=XXHDPI_KEYBOARD_WIDTH_CATEGORY=NORMAL_LIGHT_THEME=true_PHYSICAL_DIAGONAL=5.9895906_SCREEN_SHORTEST_WIDTH=411_SCREEN_SHORTEST_WIDTH_NO_SCALE=411_bottom4dp_enable_google_fonts_icons=true_enable_popup_on_keypress=true_keyboard_redesign_google_sans=true_noshadow_overlay_builtin_dynamic_color_light_base.binarypb:gm3-light-fffaf8ff-ff475d92-6dac7c28fa7faa76f8370bbfdbc77981_silkpopup_unify_function_key_color=true
12-13 20:18:56.334  1639  1639 I GlobeKeyExtension: GlobeKeyExtension.getKeyboardInitialStates():131
12-13 20:18:56.335  1639  1639 W Keyboard: Keyboard.getKeyboardViewHelper():597 null helper is returned: keyboardDef=kze{processedConditions={}, globalConditions={global_theme_key=theme_!gsf_!pgsans_!pgsf_!use_system_font_BORDER=true_FLAVOR_DPI=XXHDPI_KEYBOARD_WIDTH_CATEGORY=NORMAL_LIGHT_THEME=true_PHYSICAL_DIAGONAL=5.9895906_SCREEN_SHORTEST_WIDTH=411_SCREEN_SHORTEST_WIDTH_NO_SCALE=411_bottom4dp_enable_google_fonts_icons=true_enable_popup_on_keypress=true_keyboard_redesign_google_sans=true_noshadow_overlay_builtin_dynamic_color_light_base.binarypb:gm3-light-fffaf8ff-ff475d92-6dac7c28fa7faa76f8370bbfdbc77981_silkpopup_unify_function_key_color=true, global_locale=en_US, global_density_dpi=420, global_orientation=1}, className=.latin.keyboard.AccessoryKeyboard, resourceIds=[#0x7f170044], initialStates=0, keyboardViewDefs=[kzt{direction=null, id=#0x7f0b0166, isScalable=false, layoutId=#0x7f0e002d, type=FLOATING_CANDIDATES, touchable=true, defaultShow=false}], persistentStates=0, persistentStatesPrefKey=null, popupBubbleLayoutId=#0x7f0e05ce, recentKeyLayoutId=0, recentKeyPopupLayoutId=0, recentKeyType=null, rememberRecentKey=NONE, sessionStates=0}, type=HEADER, helpersCreated=[null, null, kkl@d7d2543, null], context.getResources().getConfiguration(): {1.0 310mcc260mnc [en_US] ldltr sw411dp w411dp h866dp 420dpi nrml long port finger qwerty/v/v dpad/v winConfig={ mBounds=Rect(0, 0 - 1080, 2400) mAppBounds=Rect(0, 0 - 1080, 2337) mMaxBounds=Rect(0, 0 - 1080, 2400) mDisplayRotation=ROTATION_0 mWindowingMode=fullscreen mActivityType=undefined mAlwaysOnTop=undefined mRotation=ROTATION_0} as.3 s.37 fontWeightAdjustment=0}
12-13 20:18:56.335  1639  1639 W Keyboard: Keyboard.getKeyboardViewHelper():597 null helper is returned: keyboardDef=kze{processedConditions={}, globalConditions={global_theme_key=theme_!gsf_!pgsans_!pgsf_!use_system_font_BORDER=true_FLAVOR_DPI=XXHDPI_KEYBOARD_WIDTH_CATEGORY=NORMAL_LIGHT_THEME=true_PHYSICAL_DIAGONAL=5.9895906_SCREEN_SHORTEST_WIDTH=411_SCREEN_SHORTEST_WIDTH_NO_SCALE=411_bottom4dp_enable_google_fonts_icons=true_enable_popup_on_keypress=true_keyboard_redesign_google_sans=true_noshadow_overlay_builtin_dynamic_color_light_base.binarypb:gm3-light-fffaf8ff-ff475d92-6dac7c28fa7faa76f8370bbfdbc77981_silkpopup_unify_function_key_color=true, global_locale=en_US, global_density_dpi=420, global_orientation=1}, className=.latin.keyboard.AccessoryKeyboard, resourceIds=[#0x7f170044], initialStates=0, keyboardViewDefs=[kzt{direction=null, id=#0x7f0b0166, isScalable=false, layoutId=#0x7f0e002d, type=FLOATING_CANDIDATES, touchable=true, defaultShow=false}], persistentStates=0, persistentStatesPrefKey=null, popupBubbleLayoutId=#0x7f0e05ce, recentKeyLayoutId=0, recentKeyPopupLayoutId=0, recentKeyType=null, rememberRecentKey=NONE, sessionStates=0}, type=BODY, helpersCreated=[null, null, kkl@d7d2543, null], context.getResources().getConfiguration(): {1.0 310mcc260mnc [en_US] ldltr sw411dp w411dp h866dp 420dpi nrml long port finger qwerty/v/v dpad/v winConfig={ mBounds=Rect(0, 0 - 1080, 2400) mAppBounds=Rect(0, 0 - 1080, 2337) mMaxBounds=Rect(0, 0 - 1080, 2400) mDisplayRotation=ROTATION_0 mWindowingMode=fullscreen mActivityType=undefined mAlwaysOnTop=undefined mRotation=ROTATION_0} as.3 s.37 fontWeightAdjustment=0}
12-13 20:18:56.338  1639  1639 I AndroidIME: InputBundleManager.startInput():361 startInput() with kzp[keyboardType=accessory, payload=null]
12-13 20:18:56.339  1639  1639 I GlobeKeyExtension: GlobeKeyExtension.onActivate():70
12-13 20:18:56.342  4335  4335 V InlineSuggestionRenderService: handleDestroySuggestionViews called for 0:1171650608
12-13 20:18:56.343  1639  1639 I CrowdsourceExtension: CrowdsourceExtension.checkIfDefaultBrowserIsAllowed():109 Failed to get default browser. The default browser may be deactivated.
12-13 20:18:56.344  1639  1639 I HardKeyTracker: HardKeyTracker.unregisterKeySequence():182 Unregister key sequence lsr{labelResId=2132020165, callback=cbb@5c1fa24, lastModifier=2, keyCodes=[56], actions=[0]}
12-13 20:18:56.344  1639  1639 I HardKeyTracker: HardKeyTracker.unregisterKeySequence():182 Unregister key sequence lsr{labelResId=2132020165, callback=cbb@707353, lastModifier=0, keyCodes=[317], actions=[0]}
12-13 20:18:56.344  1639  1639 I HardKeyTracker: HardKeyTracker.registerKeySequence():138 Register key sequence lsr{labelResId=2132020165, callback=cbb@c672b4d, lastModifier=2, keyCodes=[56], actions=[0]}
12-13 20:18:56.344  1639  1639 I HardKeyTracker: HardKeyTracker.registerKeySequence():138 Register key sequence lsr{labelResId=2132020165, callback=cbb@45b5150, lastModifier=0, keyCodes=[317], actions=[0]}
12-13 20:18:56.346  1639  1639 I VoiceInputManagerWrapper: VoiceInputManagerWrapper.cancelShutdown():100 cancelShutdown()
12-13 20:18:56.346  1639  1639 I VoiceInputManagerWrapper: VoiceInputManagerWrapper.syncLanguagePacks():112 syncLanguagePacks()
12-13 20:18:56.347  1639  1639 I VoiceInputManager: VoiceInputManager.onKeyboardActivated():1023 onKeyboardActivated() [UD]
12-13 20:18:56.348  1639  1639 I AccessoryInputModeManager: AccessoryInputModeManager.onModeStarted():322 Accessory input mode started: STYLUS
12-13 20:18:56.348  1639  1639 W ExtensionWrapper: ExtensionWrapper.setAllowUpdateNavigationBarStyle():810 class iio is not activate
12-13 20:18:56.348  1639  1639 I WidgetViewShowingController: WidgetViewShowingController.showWidgetKeyboardInternal():524 Show companion widget
12-13 20:18:56.352  1639 15140 I SpeechFactory: SpeechRecognitionFactory.maybeScheduleAutoPackDownloadForFallback():161 maybeScheduleAutoPackDownloadForFallback()
12-13 20:18:56.352  1639 15140 I FallbackOnDeviceRecognitionProvider: FallbackOnDeviceRecognitionProvider.maybeScheduleAutoPackDownload():198 maybeScheduleAutoPackDownload() for language tag en-US
12-13 20:18:56.354  1639  1639 W ExtensionWrapper: ExtensionWrapper.setAllowUpdateNavigationBarStyle():810 class iio is not activate
12-13 20:18:56.355  1639  1639 I WidgetViewShowingPositionHandler: WidgetViewShowingPositionHandler.updateAvailableArea():194 update available area Rect(21, 149 - 1059, 2333)
12-13 20:18:56.357  1639  1639 I HardKeyTracker: HardKeyTracker.unregisterKeySequence():182 Unregister key sequence lsr{labelResId=2132020170, callback=cbb@d279af0, lastModifier=2, keyCodes=[32], actions=[0]}
12-13 20:18:56.358  1639  1639 I ProactiveUndoTriggerExtension: ProactiveUndoTriggerExtension.eventConsumer$lambda$0():125 kyp{intention=null, keyCode=-10159, ACTIVATE_SUPPLEMENTARY_KEYBOARD, data=accessory_candidates_consumer}
12-13 20:18:56.359  1639  1639 I KeyboardModeUtils: KeyboardModeUtils.getKeyboardBottomOffset():437 inch: 0.000000 ydpi: 420.000000 adjustKeyboardBottomByDisplaySize: false currentDensityDpi: 420 defaultDensityDpi: 420 keyboardBottomToScreenPx: 0 keyboardBottomToNavBarPx: -63 navBarHeight: 63
12-13 20:18:56.359  1639  1639 I ResizableKeyboardModeController: ResizableKeyboardModeController.getKeyboardBottomOffset():182 currentPrimeKeyboardType:SOFT keyboardBottomOffset:0 navBarHeight:63 isInLandscape:false
12-13 20:18:56.359  1639  1639 I KeyboardHeightUtil: KeyboardHeightUtil.calculateMaxKeyboardBodyHeight():46 leave 281 height for app when ime window height:2209, header height:116 and isFullscreenMode:false, so the max keyboard body height is:1812
12-13 20:18:56.360  1639  1639 I KeyboardHeightUtil: KeyboardHeightUtil.calculateMaxKeyboardBodyHeight():46 leave 281 height for app when ime window height:2209, header height:116 and isFullscreenMode:false, so the max keyboard body height is:1812
12-13 20:18:56.360  1639  1639 I KeyboardHeightUtil: KeyboardHeightUtil.calculateMaxKeyboardBodyHeight():46 leave 281 height for app when ime window height:2209, header height:116 and isFullscreenMode:false, so the max keyboard body height is:1812
12-13 20:18:56.361  1639  1639 W ExtensionWrapper: ExtensionWrapper.setExtensionViewVisibility():801 interface koa is not activate
12-13 20:18:56.365  1639  1639 I Module  : DeviceLockedStatusModuleProvider$Module.updateDeviceLockedStatus():100 repeatCheckTimes = 1, locked = false
12-13 20:18:56.366  1639  1639 I HardKeyTracker: HardKeyTracker.unregisterKeySequence():182 Unregister key sequence lsr{labelResId=2132020169, callback=cbb@57504a, lastModifier=2, keyCodes=[48], actions=[0]}
12-13 20:18:56.366  1639  1639 I HardKeyTracker: HardKeyTracker.registerKeySequence():138 Register key sequence lsr{labelResId=2132020169, callback=cbb@b0609f1, lastModifier=2, keyCodes=[48], actions=[0]}
12-13 20:18:56.366  1639  1639 I VoiceImeExtension: VoiceImeExtension.shouldStartVoiceInputAutomaticallyInCurrentInputBox():469 No private IME option set to start voice input.
12-13 20:18:56.367  1639  1639 I HardKeyTracker: HardKeyTracker.unregisterKeySequence():182 Unregister key sequence lsr{labelResId=2132020170, callback=cbb@d978897, lastModifier=2, keyCodes=[32], actions=[0]}
12-13 20:18:56.367  1639  1639 I HardKeyTracker: HardKeyTracker.registerKeySequence():138 Register key sequence lsr{labelResId=2132020170, callback=cbb@67baef3, lastModifier=2, keyCodes=[32], actions=[0]}
12-13 20:18:56.376   693  1034 D WifiClientModeImpl[24056:wlan0]: updateLinkLayerStatsRssiSpeedFrequencyCapabilities rssi=-50 TxLinkspeed=1 freq=2447 RxLinkSpeed=2
12-13 20:18:56.383  1639  1639 I WindowMetricsNotification: WindowMetricsNotification.notifyWithWindow():166
12-13 20:18:56.383  1639  1639 I WindowMetricsNotification: WindowMetricsNotification.notify():159 mub[bounds=Rect(0, 128 - 1080, 2400), insets=Rect(0, 0 - 0, 63), densityDpi=420, smallestScreenWidthDp=411, displayWidth=1080, displayHeight=2400, xdpi=420.0, ydpi=420.0, isTrustable=true, displayId=0]; DisplayMetrics{density=2.625, width=1080, height=2400, scaledDensity=2.625, xdpi=420.0, ydpi=420.0}
12-13 20:18:56.393   693  1034 D WifiDataStall: tx tput in kbps: 11000
12-13 20:18:56.393   693  1034 D WifiDataStall: rx tput in kbps: 11000
12-13 20:18:56.393   693  1034 V WifiConfigManager: Updating scan detail cache freq=2447 BSSID=00:13:10:85:fe:01 RSSI=-50 for "AndroidWifi"NONE
12-13 20:18:56.394   693  1034 D WifiThroughputPredictor:  utilization (LLS) 80 isBluetoothConnected: false final utilization: 80
12-13 20:18:56.394   693  1034 D WifiThroughputPredictor:  BW: 0 RSSI: -50 Nss: 1 Mode: 1 symDur: 4000 snrDb 30 bitPerTone: 4500 rate: 54 throughput: 11
12-13 20:18:56.394   693  1034 D WifiThroughputPredictor:  utilization (LLS) 80 isBluetoothConnected: false final utilization: 80
12-13 20:18:56.394   693  1034 D WifiThroughputPredictor:  BW: 0 RSSI: -50 Nss: 1 Mode: 1 symDur: 4000 snrDb 30 bitPerTone: 4500 rate: 54 throughput: 11
12-13 20:18:56.395   693  1034 D WifiThroughputPredictor:  utilization (LLS) 80 isBluetoothConnected: false final utilization: 80
12-13 20:18:56.395   693  1034 D WifiThroughputPredictor:  BW: 0 RSSI: -50 Nss: 1 Mode: 1 symDur: 4000 snrDb 30 bitPerTone: 4500 rate: 54 throughput: 11
12-13 20:18:56.395   693  1034 D WifiThroughputPredictor:  utilization (LLS) 80 isBluetoothConnected: false final utilization: 80
12-13 20:18:56.395   693  1034 D WifiThroughputPredictor:  BW: 0 RSSI: -50 Nss: 1 Mode: 1 symDur: 4000 snrDb 30 bitPerTone: 4500 rate: 54 throughput: 11
12-13 20:18:56.396   693  1034 D WifiScoreCard: BSSID update SIGNAL_POLL ID: 1069259023 SSID: "AndroidWifi", BSSID: 00:13:10:85:fe:01, MAC: 02:15:b2:00:00:00, IP: /10.0.2.16, Security type: 0, Supplicant state: COMPLETED, Wi-Fi standard: legacy, RSSI: -50, Link speed: 1Mbps, Tx Link speed: 1Mbps, Max Supported Tx Link speed: 11Mbps, Rx Link speed: 2Mbps, Max Supported Rx Link speed: 11Mbps, Frequency: 2447MHz, Net ID: 0, Metered hint: false, score: 60, isUsable: true, CarrierMerged: false, SubscriptionId: -1, IsPrimary: 1, Trusted: true, Restricted: false, Ephemeral: false, OEM paid: false, OEM private: false, OSU AP: false, FQDN: <none>, Provider friendly name: <none>, Requesting package name: <none>"AndroidWifi"openMLO Information: , Is TID-To-Link negotiation supported by the AP: false, AP MLD Address: <none>, AP MLO Link Id: <none>, AP MLO Affiliated links: <none>, Vendor Data: <none>
12-13 20:18:56.396   693  1034 D WifiScoreCard: txRate: 1 txSpeed: 1
12-13 20:18:56.396   693  1034 D WifiScoreCard: network update SIGNAL_POLL "AndroidWifi" ID: 1010749557 RSSI -50 txSpeed -1
12-13 20:18:56.396   693  1034 D WifiClientModeImpl[24056:wlan0]:  ClientModeImpl$L2ConnectedState screen=on 3 0 "AndroidWifi" 00:13:10:85:fe:01 rssi=-50 f=2447 sc=60 link=1 tx=0.0, 0.0, 0.0 rx=0.0 bcn=0 [on:0 tx:0 rx:0 period:3036] from screen [on:0 period:344881003] score=60
12-13 20:18:56.426  1639  1639 I ProactiveUndoTriggerExtension: ProactiveUndoTriggerExtension.eventConsumer$lambda$0():125 kyp{intention=null, keyCode=-10188, SET_KEYBOARD_LAYOUT, data=# qsn@e6cdb659}
12-13 20:18:56.427  1639  1639 I GoogleInputMethodService: GoogleInputMethodService$1.onKeyboardViewShown():312 onKeyboardViewShown: keyboardType=accessory, keyboardViewType=HEADER keyboardView=null
12-13 20:18:56.428  1639  1639 I GoogleInputMethodService: GoogleInputMethodService$1.onKeyboardViewShown():312 onKeyboardViewShown: keyboardType=accessory, keyboardViewType=BODY keyboardView=null
12-13 20:18:56.431  1639  1639 I KeyboardHeightUtil: KeyboardHeightUtil.calculateMaxKeyboardBodyHeight():46 leave 281 height for app when ime window height:2209, header height:116 and isFullscreenMode:false, so the max keyboard body height is:1812
12-13 20:18:56.431  1639  1639 I KeyboardHeightUtil: KeyboardHeightUtil.calculateMaxKeyboardBodyHeight():46 leave 281 height for app when ime window height:2209, header height:116 and isFullscreenMode:false, so the max keyboard body height is:1812
12-13 20:18:56.431  1639  1639 I KeyboardHeightUtil: KeyboardHeightUtil.calculateMaxKeyboardBodyHeight():46 leave 281 height for app when ime window height:2209, header height:116 and isFullscreenMode:false, so the max keyboard body height is:1812
12-13 20:18:56.495 16558 16558 D UiControllerImpl: Injecting string: "demo"
12-13 20:18:56.510  1639  1639 I ProactiveUndoTriggerExtension: ProactiveUndoTriggerExtension.eventConsumer$lambda$0():125 kyp{intention=DECODE, keyCode=32, D, data=d}
12-13 20:18:56.511  1639  1639 I Delight5Decoder: Delight5DecoderWrapper.setKeyboardLayout():521 setKeyboardLayout()
12-13 20:18:56.535  1639  1639 I ProactiveUndoTriggerExtension: ProactiveUndoTriggerExtension.eventConsumer$lambda$0():125 kyp{intention=null, keyCode=-10188, SET_KEYBOARD_LAYOUT, data=# qsn@d7525947}
12-13 20:18:56.539  1639  1639 I ProactiveUndoTriggerExtension: ProactiveUndoTriggerExtension.eventConsumer$lambda$0():125 kyp{intention=null, keyCode=-400000, SPELL_CHECK_SUGGESTIONS, data=null}
12-13 20:18:56.540  1639  1639 W TooltipLifecycleManager: TooltipLifecycleManager.dismissTooltips():154 Tooltip with id spell_check_add_to_dictionary not found in tooltipManager.
12-13 20:18:56.540  1639  1639 W InputContextProxy: InputContextProxy.applyClientDiffInternal():957 Ignore [FetchSuggestions] diff due to stale request: 388<390, inputStateId=268, lastInputStateId=269
12-13 20:18:56.580  1639  1639 I ProactiveUndoTriggerExtension: ProactiveUndoTriggerExtension.eventConsumer$lambda$0():125 kyp{intention=DECODE, keyCode=32, D, data=d}
12-13 20:18:56.584  1639  1639 I ProactiveUndoTriggerExtension: ProactiveUndoTriggerExtension.eventConsumer$lambda$0():125 kyp{intention=DECODE, keyCode=33, E, data=e}
12-13 20:18:56.612  1639  1639 I ProactiveUndoTriggerExtension: ProactiveUndoTriggerExtension.eventConsumer$lambda$0():125 kyp{intention=DECODE, keyCode=33, E, data=e}
12-13 20:18:56.632  1639  1639 I ProactiveUndoTriggerExtension: ProactiveUndoTriggerExtension.eventConsumer$lambda$0():125 kyp{intention=DECODE, keyCode=41, M, data=m}
12-13 20:18:56.663  1639  1639 I ProactiveUndoTriggerExtension: ProactiveUndoTriggerExtension.eventConsumer$lambda$0():125 kyp{intention=DECODE, keyCode=41, M, data=m}
12-13 20:18:56.686  1639  1639 I ProactiveUndoTriggerExtension: ProactiveUndoTriggerExtension.eventConsumer$lambda$0():125 kyp{intention=DECODE, keyCode=43, O, data=o}
12-13 20:18:56.695 16558 16558 I ImeTracker: com.example.espressoautomationsample:36f3a4db: onShown
12-13 20:18:56.704  1639  1923 I native  : I0000 00:00:1765675136.704856    1923 input-context-store.cc:268] Ignoring stale client request for FetchSuggestions
12-13 20:18:56.722  1639  1639 W InputContextProxy: InputContextProxy.applyClientDiffInternal():957 Ignore [FetchSuggestions] diff due to stale request: 390<396, inputStateId=272, lastInputStateId=272
12-13 20:18:56.737  1639  1639 I ProactiveUndoTriggerExtension: ProactiveUndoTriggerExtension.eventConsumer$lambda$0():125 kyp{intention=DECODE, keyCode=43, O, data=o}
12-13 20:18:56.756 16558 16558 I ViewInteraction: Performing 'close keyboard' action on view view.getId() is <2131230904/com.example.espressoautomationsample:id/etUsername>
12-13 20:18:56.757 16558 16558 D IdlingRegistry: Registering idling resources: [androidx.test.espresso.action.CloseKeyboardAction$CloseKeyboardIdlingResult@4b2cd47]
12-13 20:18:56.758 16558 16558 I ImeTracker: com.example.espressoautomationsample:9313591d: onRequestHide at ORIGIN_CLIENT reason HIDE_SOFT_INPUT fromUser false
12-13 20:18:56.758 16558 16558 D InsetsController: hide(ime(), fromIme=false)
12-13 20:18:56.758 16558 16558 W WindowOnBackDispatcher: sendCancelIfRunning: isInProgress=false callback=android.view.ImeBackAnimationController@d2a6adc
12-13 20:18:56.772 16558 16558 W FrameTracker: Missed SF frame:JANK_COMPOSER, 137628, 5060862, CUJ=J<IME_INSETS_SHOW_ANIMATION::0@0@com.example.espressoautomationsample>
12-13 20:18:56.772 16558 16558 W FrameTracker: Missed SF frame:JANK_COMPOSER, 137650, 3934821, CUJ=J<IME_INSETS_SHOW_ANIMATION::0@0@com.example.espressoautomationsample>
12-13 20:18:56.772 16558 16558 W FrameTracker: Missed SF frame:JANK_COMPOSER, 137672, 7352405, CUJ=J<IME_INSETS_SHOW_ANIMATION::0@0@com.example.espressoautomationsample>
12-13 20:18:56.772 16558 16558 W FrameTracker: Missed SF frame:JANK_COMPOSER, 137687, 2663822, CUJ=J<IME_INSETS_SHOW_ANIMATION::0@0@com.example.espressoautomationsample>
12-13 20:18:56.773 16558 16558 W FrameTracker: Missed SF frame:JANK_COMPOSER, 137716, 2712615, CUJ=J<IME_INSETS_SHOW_ANIMATION::0@0@com.example.espressoautomationsample>
12-13 20:18:56.773 16558 16558 W FrameTracker: Missed SF frame:JANK_COMPOSER, 137738, 1468782, CUJ=J<IME_INSETS_SHOW_ANIMATION::0@0@com.example.espressoautomationsample>
12-13 20:18:56.773 16558 16558 W FrameTracker: Missed SF frame:JANK_COMPOSER, 137760, 5718616, CUJ=J<IME_INSETS_SHOW_ANIMATION::0@0@com.example.espressoautomationsample>
12-13 20:18:56.773 16558 16558 W FrameTracker: Missed SF frame:JANK_COMPOSER, 137789, 3391283, CUJ=J<IME_INSETS_SHOW_ANIMATION::0@0@com.example.espressoautomationsample>
12-13 20:18:56.773 16558 16558 W FrameTracker: Missed SF frame:JANK_COMPOSER, 137811, 2670701, CUJ=J<IME_INSETS_SHOW_ANIMATION::0@0@com.example.espressoautomationsample>
12-13 20:18:56.773 16558 16558 W FrameTracker: Missed SF frame:JANK_COMPOSER, 137833, 3106076, CUJ=J<IME_INSETS_SHOW_ANIMATION::0@0@com.example.espressoautomationsample>
12-13 20:18:56.776 16558 16589 V PerfettoTrigger: Triggering /system/bin/trigger_perfetto com.android.telemetry.interaction-jank-monitor-80
12-13 20:18:56.844   693   833 I ImeTracker: com.example.espressoautomationsample:e6cecd2b: setFinished at PHASE_CLIENT_ANIMATION_CANCEL with STATUS_TIMEOUT
12-13 20:18:56.847   693  1040 D InetDiagMessage: Destroyed 0 sockets, proto=IPPROTO_TCP, family=AF_INET, states=14
12-13 20:18:56.849   693  1040 D InetDiagMessage: Destroyed 0 sockets, proto=IPPROTO_TCP, family=AF_INET6, states=14
12-13 20:18:56.849   693  1040 D InetDiagMessage: Destroyed live tcp sockets for uids={10202} in 18ms
12-13 20:18:56.952   464  5588 D android.hardware.audio@7.1-impl.ranchu: threadLoop: entering standby, frames: 5204992
12-13 20:18:56.952   464  5588 D android.hardware.audio@7.1-impl.ranchu: ~TinyalsaSink: joining consumeThread
12-13 20:18:56.971   464 16607 D android.hardware.audio@7.1-impl.ranchu: consumeThread: exiting
12-13 20:18:56.972   464  5588 D android.hardware.audio@7.1-impl.ranchu: ~TinyalsaSink: stopping PCM stream
12-13 20:18:56.976   693  2223 I ImeTracker: system_server:a0d7874a: onRequestHide at ORIGIN_SERVER reason IME_REQUESTED_CHANGED_LISTENER fromUser false
12-13 20:18:57.040 16558 16558 W FrameTracker: Missed SF frame:JANK_COMPOSER, 138001, 6464373, CUJ=J<IME_INSETS_HIDE_ANIMATION::1@0@com.example.espressoautomationsample>
12-13 20:18:57.040 16558 16558 W FrameTracker: Missed SF frame:JANK_COMPOSER, 138037, 3328916, CUJ=J<IME_INSETS_HIDE_ANIMATION::1@0@com.example.espressoautomationsample>
12-13 20:18:57.047  1639  1639 I GoogleInputMethodService: GoogleInputMethodService.onFinishInputView():1524
12-13 20:18:57.057  1639  1639 I GlobeKeyExtension: GlobeKeyExtension.onDeactivate():104
12-13 20:18:57.062  1639  1639 I VoiceInputManagerWrapper: VoiceInputManagerWrapper.shutdown():122 shutdown()
12-13 20:18:57.064  1639  1639 W ExtensionWrapper: ExtensionWrapper.setAllowUpdateNavigationBarStyle():810 class iio is not activate
12-13 20:18:57.072 16558 16558 D IdlingRegistry: Unregistering idling resources: [androidx.test.espresso.action.CloseKeyboardAction$CloseKeyboardIdlingResult@4b2cd47]
12-13 20:18:57.082 16558 16558 I ViewInteraction: Performing 'type text(password)' action on view view.getId() is <2131230903/com.example.espressoautomationsample:id/etPassword>
12-13 20:18:57.082  1639  1639 W ExtensionWrapper: ExtensionWrapper.setAllowUpdateNavigationBarStyle():810 class iio is not activate
12-13 20:18:57.087  1639  1639 W TooltipLifecycleManager: TooltipLifecycleManager.dismissTooltips():154 Tooltip with id spell_check_add_to_dictionary not found in tooltipManager.
12-13 20:18:57.088   693   727 I ImeTracker: system_server:37d1cfdf: onRequestShow at ORIGIN_SERVER reason CONTROLS_CHANGED fromUser false
12-13 20:18:57.092  1639  1639 I InputBundle: InputBundle.consumeEvent():949 Skip consuming an event as keyboard status is 0
12-13 20:18:57.094 16558 16558 I ImeTracker: system_server:37d1cfdf: onCancelled at PHASE_CLIENT_ON_CONTROLS_CHANGED
12-13 20:18:57.098  1639  1639 I AndroidIME: AbstractIme.onDeactivate():203 LatinIme.onDeactivate()
12-13 20:18:57.099  1639  1933 W ModuleManager: ModuleManager.loadModule():547 Module mly is not available
12-13 20:18:57.103  1639  1639 I ImeTracker: system_server:a0d7874a: onHidden
12-13 20:18:57.106   458   509 I netd    : tetherGetStats() -> {[]} <4.45ms>
12-13 20:18:57.133 16558 16558 I AutofillManager: showAutofillDialog() return false due to improve fill dialog
12-13 20:18:57.133 16558 16558 I ImeTracker: com.example.espressoautomationsample:e02a1cb: onRequestShow at ORIGIN_CLIENT reason SHOW_SOFT_INPUT fromUser true
12-13 20:18:57.133 16558 16558 D InsetsController: show(ime(), fromIme=false)
12-13 20:18:57.146  1639  1639 I GoogleInputMethodService: GoogleInputMethodService.onFinishInput():2043
12-13 20:18:57.156   693   727 I ImeTracker: system_server:18bc16fe: onRequestShow at ORIGIN_SERVER reason CONTROLS_CHANGED fromUser false
12-13 20:18:57.159 16558 16558 W RemoteInputConnectionImpl: requestCursorUpdates on inactive InputConnection
12-13 20:18:57.160 16558 16558 I ImeTracker: system_server:18bc16fe: onCancelled at PHASE_CLIENT_ON_CONTROLS_CHANGED
12-13 20:18:57.162  1639  1639 I Module  : DeviceLockedStatusModuleProvider$Module.updateDeviceLockedStatus():100 repeatCheckTimes = 0, locked = false
12-13 20:18:57.162  1639  1639 I GoogleInputMethodService: GoogleInputMethodService.onStartInput():1293 onStartInput(EditorInfo{EditorInfo{packageName=com.example.espressoautomationsample, inputType=81, inputTypeString=Password[], enableLearning=false, autoCorrection=false, autoComplete=true, imeOptions=4000006, privateImeOptions=null, actionName=DONE, actionLabel=null, initialSelStart=0, initialSelEnd=0, initialCapsMode=0, label=null, fieldId=2131230903, fieldName=null, extras=Bundle[mParcelledData.dataSize=404], hintText=non-empty, hintLocales=[]}}, false)
12-13 20:18:57.164  1639  1639 I Module  : DeviceLockedStatusModuleProvider$Module.updateDeviceLockedStatus():100 repeatCheckTimes = 1, locked = false
12-13 20:18:57.164  1639  1639 I HardKeyTracker: HardKeyTracker.unregisterKeySequence():182 Unregister key sequence lsr{labelResId=0, callback=fjq@b5f39ab, lastModifier=0, keyCodes=[57, 57], actions=[1, 0]}
12-13 20:18:57.164  1639  1639 I HardKeyTracker: HardKeyTracker.unregisterKeySequence():182 Unregister key sequence lsr{labelResId=0, callback=fjq@83081c6, lastModifier=0, keyCodes=[58, 58], actions=[1, 0]}
12-13 20:18:57.165  1639  1639 I StylusModule: StylusModule.onUpdateToolType():801 Update tool type = 2
12-13 20:18:57.166  1639  1639 I GoogleInputMethodService: GoogleInputMethodService.onStartInputView():1392 onStartInputView(EditorInfo{EditorInfo{packageName=com.example.espressoautomationsample, inputType=81, inputTypeString=Password[], enableLearning=false, autoCorrection=false, autoComplete=true, imeOptions=4000006, privateImeOptions=null, actionName=DONE, actionLabel=null, initialSelStart=0, initialSelEnd=0, initialCapsMode=0, label=null, fieldId=2131230903, fieldName=null, extras=Bundle[{android.support.text.emoji.emojiCompat_metadataVersion=11, androidx.core.view.inputmethod.EditorInfoCompat.STYLUS_HANDWRITING_ENABLED=false, android.support.text.emoji.emojiCompat_replaceAll=false}], hintText=non-empty, hintLocales=[]}}, false)
12-13 20:18:57.166  1639  1639 I KeyboardHeightUtil: KeyboardHeightUtil.getOemKeyboardHeightRatio():161 systemKeyboardHeightRatio:1.000000.
12-13 20:18:57.168  1639  1639 I AndroidIME: InputBundleManager.loadActiveInputBundleId():483 loadActiveInputBundleId: und-Latn-x-password, password
12-13 20:18:57.168  1639  1639 I AndroidIME: AbstractIme.onActivate():90 PasswordIme.onActivate() : EditorInfo = EditorInfo{packageName=com.example.espressoautomationsample, inputType=81, inputTypeString=Password[], enableLearning=false, autoCorrection=false, autoComplete=true, imeOptions=4000006, privateImeOptions=null, actionName=DONE, actionLabel=null, initialSelStart=0, initialSelEnd=0, initialCapsMode=0, label=null, fieldId=2131230903, fieldName=null, extras=Bundle[{android.support.text.emoji.emojiCompat_metadataVersion=11, androidx.core.view.inputmethod.EditorInfoCompat.STYLUS_HANDWRITING_ENABLED=false, android.support.text.emoji.emojiCompat_replaceAll=false}], hintText=non-empty, hintLocales=[]}, IncognitoMode = false, DeviceLocked = false
